[debug] TCP<- len=5 hex=3c02001603
[debug] TCP payload len=2 hex=1603
[debug] TCP payload cmd=DeviceQuery(0x16) payload_len=2 len=2 hex=1603
[debug] BLE<- len=2 hex=1603
[debug] BLE-> len=82 hex=0d0baf280000000031392d4170722d323032360048656c7465632054313134000000000000000000000000000000000000000000000000000000000076312e31352e302d6465653365323600000000000001
[debug] BLE payload resp=DeviceInfo(0x0d) payload_len=82 len=82 hex=0d0baf280000000031392d4170722d323032360048656c7465632054313134000000000000000000000000000000000000000000000000000000000076312e31352e302d6465653365323600000000000001
[debug] TCP-> len=85 hex=3e52000d0baf280000000031392d4170722d323032360048656c7465632054313134000000000000000000000000000000000000000000000000000000000076312e31352e302d6465653365323600000000000001
[debug] BLE-> len=82 hex=0d0baf280000000031392d4170722d323032360048656c7465632054313134000000000000000000000000000000000000000000000000000000000076312e31352e302d6465653365323600000000000001
[debug] BLE payload resp=DeviceInfo(0x0d) payload_len=82 len=82 hex=0d0baf280000000031392d4170722d323032360048656c7465632054313134000000000000000000000000000000000000000000000000000000000076312e31352e302d6465653365323600000000000001
[debug] TCP-> len=85 hex=3e52000d0baf280000000031392d4170722d323032360048656c7465632054313134000000000000000000000000000000000000000000000000000000000076312e31352e302d6465653365323600000000000001
[debug] TCP<- len=27 hex=3c180001010000000000006d657368636f72652d666c7574746572
[debug] TCP payload len=24 hex=01010000000000006d657368636f72652d666c7574746572
[debug] TCP payload cmd=AppStart(0x01) payload_len=24 len=24 hex=01010000000000006d657368636f72652d666c7574746572
[debug] BLE<- len=24 hex=01010000000000006d657368636f72652d666c7574746572
[debug] BLE-> len=78 hex=05010216ed196399d243b7d6bc3a42a98ec566498ab9770b40d582e64fc12918f673fb884b461903029e420000001501f2440d0024f400000705f09f87b3f09f87b1204564204b6170697465696e
[debug] BLE payload resp=SelfInfo(0x05) payload_len=78 len=78 hex=05010216ed196399d243b7d6bc3a42a98ec566498ab9770b40d582e64fc12918f673fb884b461903029e420000001501f2440d0024f400000705f09f87b3f09f87b1204564204b6170697465696e
[debug] TCP-> len=81 hex=3e4e0005010216ed196399d243b7d6bc3a42a98ec566498ab9770b40d582e64fc12918f673fb884b461903029e420000001501f2440d0024f400000705f09f87b3f09f87b1204564204b6170697465696e
[debug] BLE-> len=78 hex=05010216ed196399d243b7d6bc3a42a98ec566498ab9770b40d582e64fc12918f673fb884b461903029e420000001501f2440d0024f400000705f09f87b3f09f87b1204564204b6170697465696e
[debug] BLE payload resp=SelfInfo(0x05) payload_len=78 len=78 hex=05010216ed196399d243b7d6bc3a42a98ec566498ab9770b40d582e64fc12918f673fb884b461903029e420000001501f2440d0024f400000705f09f87b3f09f87b1204564204b6170697465696e
[debug] TCP-> len=81 hex=3e4e0005010216ed196399d243b7d6bc3a42a98ec566498ab9770b40d582e64fc12918f673fb884b461903029e420000001501f2440d0024f400000705f09f87b3f09f87b1204564204b6170697465696e
[debug] TCP<- len=5 hex=3c02003600
[debug] TCP payload len=2 hex=3600
[debug] TCP payload cmd=0x36(0x36) payload_len=2 len=2 hex=3600
[debug] BLE<- len=2 hex=3600
[debug] BLE-> len=1 hex=00
[debug] BLE payload resp=Ok(0x00) payload_len=1 len=1 hex=00
[debug] TCP-> len=4 hex=3e010000
[debug] BLE-> len=1 hex=00
[debug] BLE payload resp=Ok(0x00) payload_len=1 len=1 hex=00
[debug] TCP-> len=4 hex=3e010000
[debug] TCP<- len=4 hex=3c010014
[debug] TCP payload len=1 hex=14
[debug] TCP payload cmd=GetBatteryVoltage(0x14) payload_len=1 len=1 hex=14
[debug] BLE<- len=1 hex=14
[debug] BLE-> len=11 hex=0c5f101800000064000000
[debug] BLE payload resp=BatteryVoltage(0x0c) payload_len=11 len=11 hex=0c5f101800000064000000
[debug] TCP-> len=14 hex=3e0b000c5f101800000064000000
[debug] BLE-> len=11 hex=0c5f101800000064000000
[debug] BLE payload resp=BatteryVoltage(0x0c) payload_len=11 len=11 hex=0c5f101800000064000000
[debug] TCP-> len=14 hex=3e0b000c5f101800000064000000
[debug] TCP<- len=8 hex=3c050006268a226a
[debug] TCP payload len=5 hex=06268a226a
[debug] TCP payload cmd=SetDeviceTime(0x06) payload_len=5 len=5 hex=06268a226a
[debug] BLE<- len=5 hex=06268a226a
[debug] BLE-> len=1 hex=00
[debug] BLE payload resp=Ok(0x00) payload_len=1 len=1 hex=00
[debug] TCP-> len=4 hex=3e010000
[debug] BLE-> len=1 hex=00
[debug] BLE payload resp=Ok(0x00) payload_len=1 len=1 hex=00
[debug] TCP-> len=4 hex=3e010000
[debug] TCP<- len=4 hex=3c010004
[debug] TCP payload len=1 hex=04
[debug] TCP payload cmd=GetContacts(0x04) payload_len=1 len=1 hex=04
[debug] BLE<- len=1 hex=04
[debug] BLE-> len=5 hex=0210000000
[debug] BLE payload resp=ContactsStart(0x02) payload_len=5 len=5 hex=0210000000
[debug] TCP-> len=8 hex=3e05000210000000
[debug] BLE-> len=5 hex=0210000000
[debug] BLE payload resp=ContactsStart(0x02) payload_len=5 len=5 hex=0210000000
[debug] TCP-> len=8 hex=3e05000210000000
[debug] BLE-> len=148 hex=0385a25362f1fdc621ae7875e67d4453792764ffb2bb66be4c52c7e1a4ab572bb90300ff000000000000000000000000000000000000000000000000000000000000000000000000000000000000000000000000000000000000000000000000...
[debug] BLE payload resp=0x03(0x03) payload_len=148 len=148 hex=0385a25362f1fdc621ae7875e67d4453792764ffb2bb66be4c52c7e1a4ab572bb90300ff000000000000000000000000000000000000000000000000000000000000000000000000000000000000000000000000000000000000000000000000...
[debug] TCP-> len=151 hex=3e94000385a25362f1fdc621ae7875e67d4453792764ffb2bb66be4c52c7e1a4ab572bb90300ff000000000000000000000000000000000000000000000000000000000000000000000000000000000000000000000000000000000000000000...
[debug] BLE-> len=148 hex=0385a25362f1fdc621ae7875e67d4453792764ffb2bb66be4c52c7e1a4ab572bb90300ff000000000000000000000000000000000000000000000000000000000000000000000000000000000000000000000000000000000000000000000000...
[debug] BLE payload resp=0x03(0x03) payload_len=148 len=148 hex=0385a25362f1fdc621ae7875e67d4453792764ffb2bb66be4c52c7e1a4ab572bb90300ff000000000000000000000000000000000000000000000000000000000000000000000000000000000000000000000000000000000000000000000000...
[debug] TCP-> len=151 hex=3e94000385a25362f1fdc621ae7875e67d4453792764ffb2bb66be4c52c7e1a4ab572bb90300ff000000000000000000000000000000000000000000000000000000000000000000000000000000000000000000000000000000000000000000...
[debug] BLE-> len=148 hex=031d7942e974021aa949f83ca1ff5c6b484bf64591c6c8f281bfc1608370b51619010f406895ed260000000000000000000000000000000000000000000000000000000000000000000000000000000000000000000000000000000000000000...
[debug] BLE payload resp=0x03(0x03) payload_len=148 len=148 hex=031d7942e974021aa949f83ca1ff5c6b484bf64591c6c8f281bfc1608370b51619010f406895ed260000000000000000000000000000000000000000000000000000000000000000000000000000000000000000000000000000000000000000...
[debug] TCP-> len=151 hex=3e9400031d7942e974021aa949f83ca1ff5c6b484bf64591c6c8f281bfc1608370b51619010f406895ed260000000000000000000000000000000000000000000000000000000000000000000000000000000000000000000000000000000000...
[debug] BLE-> len=148 hex=031d7942e974021aa949f83ca1ff5c6b484bf64591c6c8f281bfc1608370b51619010f406895ed260000000000000000000000000000000000000000000000000000000000000000000000000000000000000000000000000000000000000000...
[debug] BLE payload resp=0x03(0x03) payload_len=148 len=148 hex=031d7942e974021aa949f83ca1ff5c6b484bf64591c6c8f281bfc1608370b51619010f406895ed260000000000000000000000000000000000000000000000000000000000000000000000000000000000000000000000000000000000000000...
[debug] TCP-> len=151 hex=3e9400031d7942e974021aa949f83ca1ff5c6b484bf64591c6c8f281bfc1608370b51619010f406895ed260000000000000000000000000000000000000000000000000000000000000000000000000000000000000000000000000000000000...
[debug] BLE-> len=148 hex=03526f79e01f9076532a04968cbc5dfcf676e3cf619adf47d7868e6eabcffffb920201ff000000000000000000000000000000000000000000000000000000000000000000000000000000000000000000000000000000000000000000000000...
[debug] BLE payload resp=0x03(0x03) payload_len=148 len=148 hex=03526f79e01f9076532a04968cbc5dfcf676e3cf619adf47d7868e6eabcffffb920201ff000000000000000000000000000000000000000000000000000000000000000000000000000000000000000000000000000000000000000000000000...
[debug] TCP-> len=151 hex=3e940003526f79e01f9076532a04968cbc5dfcf676e3cf619adf47d7868e6eabcffffb920201ff000000000000000000000000000000000000000000000000000000000000000000000000000000000000000000000000000000000000000000...
[debug] BLE-> len=148 hex=03526f79e01f9076532a04968cbc5dfcf676e3cf619adf47d7868e6eabcffffb920201ff000000000000000000000000000000000000000000000000000000000000000000000000000000000000000000000000000000000000000000000000...
[debug] BLE payload resp=0x03(0x03) payload_len=148 len=148 hex=03526f79e01f9076532a04968cbc5dfcf676e3cf619adf47d7868e6eabcffffb920201ff000000000000000000000000000000000000000000000000000000000000000000000000000000000000000000000000000000000000000000000000...
[debug] TCP-> len=151 hex=3e940003526f79e01f9076532a04968cbc5dfcf676e3cf619adf47d7868e6eabcffffb920201ff000000000000000000000000000000000000000000000000000000000000000000000000000000000000000000000000000000000000000000...
[debug] BLE-> len=148 hex=03b797e60ba6efdef84e0c51c0250f1e1cdf84e84d5513a157310cedd04b7fb5ad0101ff000000000000000000000000000000000000000000000000000000000000000000000000000000000000000000000000000000000000000000000000...
[debug] BLE payload resp=0x03(0x03) payload_len=148 len=148 hex=03b797e60ba6efdef84e0c51c0250f1e1cdf84e84d5513a157310cedd04b7fb5ad0101ff000000000000000000000000000000000000000000000000000000000000000000000000000000000000000000000000000000000000000000000000...
[debug] TCP-> len=151 hex=3e940003b797e60ba6efdef84e0c51c0250f1e1cdf84e84d5513a157310cedd04b7fb5ad0101ff000000000000000000000000000000000000000000000000000000000000000000000000000000000000000000000000000000000000000000...
[debug] BLE-> len=148 hex=03b797e60ba6efdef84e0c51c0250f1e1cdf84e84d5513a157310cedd04b7fb5ad0101ff000000000000000000000000000000000000000000000000000000000000000000000000000000000000000000000000000000000000000000000000...
[debug] BLE payload resp=0x03(0x03) payload_len=148 len=148 hex=03b797e60ba6efdef84e0c51c0250f1e1cdf84e84d5513a157310cedd04b7fb5ad0101ff000000000000000000000000000000000000000000000000000000000000000000000000000000000000000000000000000000000000000000000000...
[debug] TCP-> len=151 hex=3e940003b797e60ba6efdef84e0c51c0250f1e1cdf84e84d5513a157310cedd04b7fb5ad0101ff000000000000000000000000000000000000000000000000000000000000000000000000000000000000000000000000000000000000000000...
[debug] BLE-> len=148 hex=03e1d96d02e6cd715dcd01962a613cc120a46a4ac76d63729dd4482b01f2e7534b010fff000000000000000000000000000000000000000000000000000000000000000000000000000000000000000000000000000000000000000000000000...
[debug] BLE payload resp=0x03(0x03) payload_len=148 len=148 hex=03e1d96d02e6cd715dcd01962a613cc120a46a4ac76d63729dd4482b01f2e7534b010fff000000000000000000000000000000000000000000000000000000000000000000000000000000000000000000000000000000000000000000000000...
[debug] TCP-> len=151 hex=3e940003e1d96d02e6cd715dcd01962a613cc120a46a4ac76d63729dd4482b01f2e7534b010fff000000000000000000000000000000000000000000000000000000000000000000000000000000000000000000000000000000000000000000...
[debug] BLE-> len=148 hex=03e1d96d02e6cd715dcd01962a613cc120a46a4ac76d63729dd4482b01f2e7534b010fff000000000000000000000000000000000000000000000000000000000000000000000000000000000000000000000000000000000000000000000000...
[debug] BLE payload resp=0x03(0x03) payload_len=148 len=148 hex=03e1d96d02e6cd715dcd01962a613cc120a46a4ac76d63729dd4482b01f2e7534b010fff000000000000000000000000000000000000000000000000000000000000000000000000000000000000000000000000000000000000000000000000...
[debug] TCP-> len=151 hex=3e940003e1d96d02e6cd715dcd01962a613cc120a46a4ac76d63729dd4482b01f2e7534b010fff000000000000000000000000000000000000000000000000000000000000000000000000000000000000000000000000000000000000000000...
[debug] BLE-> len=148 hex=036ef27f3bc8a094a63e2ca91575e40a2689f94499dba07cdd81fc1a8ded85f6f70101ff000000000000000000000000000000000000000000000000000000000000000000000000000000000000000000000000000000000000000000000000...
[debug] BLE payload resp=0x03(0x03) payload_len=148 len=148 hex=036ef27f3bc8a094a63e2ca91575e40a2689f94499dba07cdd81fc1a8ded85f6f70101ff000000000000000000000000000000000000000000000000000000000000000000000000000000000000000000000000000000000000000000000000...
[debug] TCP-> len=151 hex=3e9400036ef27f3bc8a094a63e2ca91575e40a2689f94499dba07cdd81fc1a8ded85f6f70101ff000000000000000000000000000000000000000000000000000000000000000000000000000000000000000000000000000000000000000000...
[debug] BLE-> len=148 hex=036ef27f3bc8a094a63e2ca91575e40a2689f94499dba07cdd81fc1a8ded85f6f70101ff000000000000000000000000000000000000000000000000000000000000000000000000000000000000000000000000000000000000000000000000...
[debug] BLE payload resp=0x03(0x03) payload_len=148 len=148 hex=036ef27f3bc8a094a63e2ca91575e40a2689f94499dba07cdd81fc1a8ded85f6f70101ff000000000000000000000000000000000000000000000000000000000000000000000000000000000000000000000000000000000000000000000000...
[debug] TCP-> len=151 hex=3e9400036ef27f3bc8a094a63e2ca91575e40a2689f94499dba07cdd81fc1a8ded85f6f70101ff000000000000000000000000000000000000000000000000000000000000000000000000000000000000000000000000000000000000000000...
[debug] BLE-> len=148 hex=03ed26231f5625389348f89c118c1f78bd54fb650ca7ce4c8b21d1801cb3063767020100000000000000000000000000000000000000000000000000000000000000000000000000000000000000000000000000000000000000000000000000...
[debug] BLE payload resp=0x03(0x03) payload_len=148 len=148 hex=03ed26231f5625389348f89c118c1f78bd54fb650ca7ce4c8b21d1801cb3063767020100000000000000000000000000000000000000000000000000000000000000000000000000000000000000000000000000000000000000000000000000...
[debug] TCP-> len=151 hex=3e940003ed26231f5625389348f89c118c1f78bd54fb650ca7ce4c8b21d1801cb3063767020100000000000000000000000000000000000000000000000000000000000000000000000000000000000000000000000000000000000000000000...
[debug] BLE-> len=148 hex=03ed26231f5625389348f89c118c1f78bd54fb650ca7ce4c8b21d1801cb3063767020100000000000000000000000000000000000000000000000000000000000000000000000000000000000000000000000000000000000000000000000000...
[debug] BLE payload resp=0x03(0x03) payload_len=148 len=148 hex=03ed26231f5625389348f89c118c1f78bd54fb650ca7ce4c8b21d1801cb3063767020100000000000000000000000000000000000000000000000000000000000000000000000000000000000000000000000000000000000000000000000000...
[debug] TCP-> len=151 hex=3e940003ed26231f5625389348f89c118c1f78bd54fb650ca7ce4c8b21d1801cb3063767020100000000000000000000000000000000000000000000000000000000000000000000000000000000000000000000000000000000000000000000...
[debug] BLE-> len=148 hex=03bf16ebf7abf4cd8ef944bd8317e34ac663a0b7b981f6f3bc9c25f4c7f1ccb0fc0201ff000000000000000000000000000000000000000000000000000000000000000000000000000000000000000000000000000000000000000000000000...
[debug] BLE payload resp=0x03(0x03) payload_len=148 len=148 hex=03bf16ebf7abf4cd8ef944bd8317e34ac663a0b7b981f6f3bc9c25f4c7f1ccb0fc0201ff000000000000000000000000000000000000000000000000000000000000000000000000000000000000000000000000000000000000000000000000...
[debug] TCP-> len=151 hex=3e940003bf16ebf7abf4cd8ef944bd8317e34ac663a0b7b981f6f3bc9c25f4c7f1ccb0fc0201ff000000000000000000000000000000000000000000000000000000000000000000000000000000000000000000000000000000000000000000...
[debug] BLE-> len=148 hex=03bf16ebf7abf4cd8ef944bd8317e34ac663a0b7b981f6f3bc9c25f4c7f1ccb0fc0201ff000000000000000000000000000000000000000000000000000000000000000000000000000000000000000000000000000000000000000000000000...
[debug] BLE payload resp=0x03(0x03) payload_len=148 len=148 hex=03bf16ebf7abf4cd8ef944bd8317e34ac663a0b7b981f6f3bc9c25f4c7f1ccb0fc0201ff000000000000000000000000000000000000000000000000000000000000000000000000000000000000000000000000000000000000000000000000...
[debug] TCP-> len=151 hex=3e940003bf16ebf7abf4cd8ef944bd8317e34ac663a0b7b981f6f3bc9c25f4c7f1ccb0fc0201ff000000000000000000000000000000000000000000000000000000000000000000000000000000000000000000000000000000000000000000...
[debug] BLE-> len=148 hex=036714b2cba6b7b9e2fae0b918668b3ba31e7dfd01367de37fea3ca92c0f9ccc430200ff000000000000000000000000000000000000000000000000000000000000000000000000000000000000000000000000000000000000000000000000...
[debug] BLE payload resp=0x03(0x03) payload_len=148 len=148 hex=036714b2cba6b7b9e2fae0b918668b3ba31e7dfd01367de37fea3ca92c0f9ccc430200ff000000000000000000000000000000000000000000000000000000000000000000000000000000000000000000000000000000000000000000000000...
[debug] TCP-> len=151 hex=3e9400036714b2cba6b7b9e2fae0b918668b3ba31e7dfd01367de37fea3ca92c0f9ccc430200ff000000000000000000000000000000000000000000000000000000000000000000000000000000000000000000000000000000000000000000...
[debug] BLE-> len=148 hex=036714b2cba6b7b9e2fae0b918668b3ba31e7dfd01367de37fea3ca92c0f9ccc430200ff000000000000000000000000000000000000000000000000000000000000000000000000000000000000000000000000000000000000000000000000...
[debug] BLE payload resp=0x03(0x03) payload_len=148 len=148 hex=036714b2cba6b7b9e2fae0b918668b3ba31e7dfd01367de37fea3ca92c0f9ccc430200ff000000000000000000000000000000000000000000000000000000000000000000000000000000000000000000000000000000000000000000000000...
[debug] TCP-> len=151 hex=3e9400036714b2cba6b7b9e2fae0b918668b3ba31e7dfd01367de37fea3ca92c0f9ccc430200ff000000000000000000000000000000000000000000000000000000000000000000000000000000000000000000000000000000000000000000...
[debug] BLE-> len=148 hex=03ee77420cee16ffed9bd8b34c877e42fa98e4d66f44c89a3053f7200ccd749ec80100ff000000000000000000000000000000000000000000000000000000000000000000000000000000000000000000000000000000000000000000000000...
[debug] BLE payload resp=0x03(0x03) payload_len=148 len=148 hex=03ee77420cee16ffed9bd8b34c877e42fa98e4d66f44c89a3053f7200ccd749ec80100ff000000000000000000000000000000000000000000000000000000000000000000000000000000000000000000000000000000000000000000000000...
[debug] TCP-> len=151 hex=3e940003ee77420cee16ffed9bd8b34c877e42fa98e4d66f44c89a3053f7200ccd749ec80100ff000000000000000000000000000000000000000000000000000000000000000000000000000000000000000000000000000000000000000000...
[debug] BLE-> len=148 hex=03ee77420cee16ffed9bd8b34c877e42fa98e4d66f44c89a3053f7200ccd749ec80100ff000000000000000000000000000000000000000000000000000000000000000000000000000000000000000000000000000000000000000000000000...
[debug] BLE payload resp=0x03(0x03) payload_len=148 len=148 hex=03ee77420cee16ffed9bd8b34c877e42fa98e4d66f44c89a3053f7200ccd749ec80100ff000000000000000000000000000000000000000000000000000000000000000000000000000000000000000000000000000000000000000000000000...
[debug] TCP-> len=151 hex=3e940003ee77420cee16ffed9bd8b34c877e42fa98e4d66f44c89a3053f7200ccd749ec80100ff000000000000000000000000000000000000000000000000000000000000000000000000000000000000000000000000000000000000000000...
[debug] BLE-> len=148 hex=03261b6fdf94970d7ba1f2e5cc49b4407b677dc945128d9098cc0c4b50e5e204950100ff000000000000000000000000000000000000000000000000000000000000000000000000000000000000000000000000000000000000000000000000...
[debug] BLE payload resp=0x03(0x03) payload_len=148 len=148 hex=03261b6fdf94970d7ba1f2e5cc49b4407b677dc945128d9098cc0c4b50e5e204950100ff000000000000000000000000000000000000000000000000000000000000000000000000000000000000000000000000000000000000000000000000...
[debug] TCP-> len=151 hex=3e940003261b6fdf94970d7ba1f2e5cc49b4407b677dc945128d9098cc0c4b50e5e204950100ff000000000000000000000000000000000000000000000000000000000000000000000000000000000000000000000000000000000000000000...
[debug] BLE-> len=148 hex=03261b6fdf94970d7ba1f2e5cc49b4407b677dc945128d9098cc0c4b50e5e204950100ff000000000000000000000000000000000000000000000000000000000000000000000000000000000000000000000000000000000000000000000000...
[debug] BLE payload resp=0x03(0x03) payload_len=148 len=148 hex=03261b6fdf94970d7ba1f2e5cc49b4407b677dc945128d9098cc0c4b50e5e204950100ff000000000000000000000000000000000000000000000000000000000000000000000000000000000000000000000000000000000000000000000000...
[debug] TCP-> len=151 hex=3e940003261b6fdf94970d7ba1f2e5cc49b4407b677dc945128d9098cc0c4b50e5e204950100ff000000000000000000000000000000000000000000000000000000000000000000000000000000000000000000000000000000000000000000...
[debug] BLE-> len=148 hex=0323a7db5caa09754a7459d721302aa5e632a97db78a8b279246fedfef1b25ff6a0200ff000000000000000000000000000000000000000000000000000000000000000000000000000000000000000000000000000000000000000000000000...
[debug] BLE payload resp=0x03(0x03) payload_len=148 len=148 hex=0323a7db5caa09754a7459d721302aa5e632a97db78a8b279246fedfef1b25ff6a0200ff000000000000000000000000000000000000000000000000000000000000000000000000000000000000000000000000000000000000000000000000...
[debug] TCP-> len=151 hex=3e94000323a7db5caa09754a7459d721302aa5e632a97db78a8b279246fedfef1b25ff6a0200ff000000000000000000000000000000000000000000000000000000000000000000000000000000000000000000000000000000000000000000...
[debug] BLE-> len=148 hex=0323a7db5caa09754a7459d721302aa5e632a97db78a8b279246fedfef1b25ff6a0200ff000000000000000000000000000000000000000000000000000000000000000000000000000000000000000000000000000000000000000000000000...
[debug] BLE payload resp=0x03(0x03) payload_len=148 len=148 hex=0323a7db5caa09754a7459d721302aa5e632a97db78a8b279246fedfef1b25ff6a0200ff000000000000000000000000000000000000000000000000000000000000000000000000000000000000000000000000000000000000000000000000...
[debug] TCP-> len=151 hex=3e94000323a7db5caa09754a7459d721302aa5e632a97db78a8b279246fedfef1b25ff6a0200ff000000000000000000000000000000000000000000000000000000000000000000000000000000000000000000000000000000000000000000...
[debug] BLE-> len=148 hex=0368957bdc9a003a46023d8f7862872a245728d6ce10227e38f0d77a5514aa6a4c0200ff000000000000000000000000000000000000000000000000000000000000000000000000000000000000000000000000000000000000000000000000...
[debug] BLE payload resp=0x03(0x03) payload_len=148 len=148 hex=0368957bdc9a003a46023d8f7862872a245728d6ce10227e38f0d77a5514aa6a4c0200ff000000000000000000000000000000000000000000000000000000000000000000000000000000000000000000000000000000000000000000000000...
[debug] TCP-> len=151 hex=3e94000368957bdc9a003a46023d8f7862872a245728d6ce10227e38f0d77a5514aa6a4c0200ff000000000000000000000000000000000000000000000000000000000000000000000000000000000000000000000000000000000000000000...
[debug] BLE-> len=148 hex=0368957bdc9a003a46023d8f7862872a245728d6ce10227e38f0d77a5514aa6a4c0200ff000000000000000000000000000000000000000000000000000000000000000000000000000000000000000000000000000000000000000000000000...
[debug] BLE payload resp=0x03(0x03) payload_len=148 len=148 hex=0368957bdc9a003a46023d8f7862872a245728d6ce10227e38f0d77a5514aa6a4c0200ff000000000000000000000000000000000000000000000000000000000000000000000000000000000000000000000000000000000000000000000000...
[debug] TCP-> len=151 hex=3e94000368957bdc9a003a46023d8f7862872a245728d6ce10227e38f0d77a5514aa6a4c0200ff000000000000000000000000000000000000000000000000000000000000000000000000000000000000000000000000000000000000000000...
[debug] BLE-> len=148 hex=033e3dd48d4d6be947723a3d4287917d46d4dca1c3c63d050532194f775fe88caa0200ff000000000000000000000000000000000000000000000000000000000000000000000000000000000000000000000000000000000000000000000000...
[debug] BLE payload resp=0x03(0x03) payload_len=148 len=148 hex=033e3dd48d4d6be947723a3d4287917d46d4dca1c3c63d050532194f775fe88caa0200ff000000000000000000000000000000000000000000000000000000000000000000000000000000000000000000000000000000000000000000000000...
[debug] TCP-> len=151 hex=3e9400033e3dd48d4d6be947723a3d4287917d46d4dca1c3c63d050532194f775fe88caa0200ff000000000000000000000000000000000000000000000000000000000000000000000000000000000000000000000000000000000000000000...
[debug] BLE-> len=148 hex=033e3dd48d4d6be947723a3d4287917d46d4dca1c3c63d050532194f775fe88caa0200ff000000000000000000000000000000000000000000000000000000000000000000000000000000000000000000000000000000000000000000000000...
[debug] BLE payload resp=0x03(0x03) payload_len=148 len=148 hex=033e3dd48d4d6be947723a3d4287917d46d4dca1c3c63d050532194f775fe88caa0200ff000000000000000000000000000000000000000000000000000000000000000000000000000000000000000000000000000000000000000000000000...
[debug] TCP-> len=151 hex=3e9400033e3dd48d4d6be947723a3d4287917d46d4dca1c3c63d050532194f775fe88caa0200ff000000000000000000000000000000000000000000000000000000000000000000000000000000000000000000000000000000000000000000...
[debug] BLE-> len=148 hex=03ef22284b6236c6fcc456a59249b5b7a77e3b1c1deebecc2c05d367db6029ba170200ff000000000000000000000000000000000000000000000000000000000000000000000000000000000000000000000000000000000000000000000000...
[debug] BLE payload resp=0x03(0x03) payload_len=148 len=148 hex=03ef22284b6236c6fcc456a59249b5b7a77e3b1c1deebecc2c05d367db6029ba170200ff000000000000000000000000000000000000000000000000000000000000000000000000000000000000000000000000000000000000000000000000...
[debug] TCP-> len=151 hex=3e940003ef22284b6236c6fcc456a59249b5b7a77e3b1c1deebecc2c05d367db6029ba170200ff000000000000000000000000000000000000000000000000000000000000000000000000000000000000000000000000000000000000000000...
[debug] BLE-> len=148 hex=03ef22284b6236c6fcc456a59249b5b7a77e3b1c1deebecc2c05d367db6029ba170200ff000000000000000000000000000000000000000000000000000000000000000000000000000000000000000000000000000000000000000000000000...
[debug] BLE payload resp=0x03(0x03) payload_len=148 len=148 hex=03ef22284b6236c6fcc456a59249b5b7a77e3b1c1deebecc2c05d367db6029ba170200ff000000000000000000000000000000000000000000000000000000000000000000000000000000000000000000000000000000000000000000000000...
[debug] TCP-> len=151 hex=3e940003ef22284b6236c6fcc456a59249b5b7a77e3b1c1deebecc2c05d367db6029ba170200ff000000000000000000000000000000000000000000000000000000000000000000000000000000000000000000000000000000000000000000...
[debug] BLE-> len=148 hex=03830bcb60b1217624d9cd51d0419ffdb3256372f013cac26485e478e5a6eb85650100ffed26ef223e3deeb21000e0d46b57750bbf16000000000000000000000000000000000000000000000000000000000000000000000000000000000000...
[debug] BLE payload resp=0x03(0x03) payload_len=148 len=148 hex=03830bcb60b1217624d9cd51d0419ffdb3256372f013cac26485e478e5a6eb85650100ffed26ef223e3deeb21000e0d46b57750bbf16000000000000000000000000000000000000000000000000000000000000000000000000000000000000...
[debug] TCP-> len=151 hex=3e940003830bcb60b1217624d9cd51d0419ffdb3256372f013cac26485e478e5a6eb85650100ffed26ef223e3deeb21000e0d46b57750bbf16000000000000000000000000000000000000000000000000000000000000000000000000000000...
[debug] BLE-> len=148 hex=03830bcb60b1217624d9cd51d0419ffdb3256372f013cac26485e478e5a6eb85650100ffed26ef223e3deeb21000e0d46b57750bbf16000000000000000000000000000000000000000000000000000000000000000000000000000000000000...
[debug] BLE payload resp=0x03(0x03) payload_len=148 len=148 hex=03830bcb60b1217624d9cd51d0419ffdb3256372f013cac26485e478e5a6eb85650100ffed26ef223e3deeb21000e0d46b57750bbf16000000000000000000000000000000000000000000000000000000000000000000000000000000000000...
[debug] TCP-> len=151 hex=3e940003830bcb60b1217624d9cd51d0419ffdb3256372f013cac26485e478e5a6eb85650100ffed26ef223e3deeb21000e0d46b57750bbf16000000000000000000000000000000000000000000000000000000000000000000000000000000...
[debug] BLE-> len=5 hex=045d72226a
[debug] BLE payload resp=EndOfContacts(0x04) payload_len=5 len=5 hex=045d72226a
[debug] TCP-> len=8 hex=3e0500045d72226a
[debug] BLE-> len=5 hex=045d72226a
[debug] BLE payload resp=EndOfContacts(0x04) payload_len=5 len=5 hex=045d72226a
[debug] TCP-> len=8 hex=3e0500045d72226a
[debug] TCP<- len=5 hex=3c02001603
[debug] TCP payload len=2 hex=1603
[debug] TCP payload cmd=DeviceQuery(0x16) payload_len=2 len=2 hex=1603
[debug] BLE<- len=2 hex=1603
[debug] BLE-> len=82 hex=0d0baf280000000031392d4170722d323032360048656c7465632054313134000000000000000000000000000000000000000000000000000000000076312e31352e302d6465653365323600000000000001
[debug] BLE payload resp=DeviceInfo(0x0d) payload_len=82 len=82 hex=0d0baf280000000031392d4170722d323032360048656c7465632054313134000000000000000000000000000000000000000000000000000000000076312e31352e302d6465653365323600000000000001
[debug] TCP-> len=85 hex=3e52000d0baf280000000031392d4170722d323032360048656c7465632054313134000000000000000000000000000000000000000000000000000000000076312e31352e302d6465653365323600000000000001
[debug] BLE-> len=82 hex=0d0baf280000000031392d4170722d323032360048656c7465632054313134000000000000000000000000000000000000000000000000000000000076312e31352e302d6465653365323600000000000001
[debug] BLE payload resp=DeviceInfo(0x0d) payload_len=82 len=82 hex=0d0baf280000000031392d4170722d323032360048656c7465632054313134000000000000000000000000000000000000000000000000000000000076312e31352e302d6465653365323600000000000001
[debug] TCP-> len=85 hex=3e52000d0baf280000000031392d4170722d323032360048656c7465632054313134000000000000000000000000000000000000000000000000000000000076312e31352e302d6465653365323600000000000001
[debug] TCP<- len=5 hex=3c02001f00
[debug] TCP payload len=2 hex=1f00
[debug] TCP payload cmd=GetChannel(0x1f) payload_len=2 len=2 hex=1f00
[debug] BLE<- len=2 hex=1f00
[debug] BLE-> len=50 hex=12005075626c696300392d4170722d323032360048656c74656320543131340000008b3387e9c5cdea6ac9e5edbaa115cd72
[debug] BLE payload resp=ChannelInfo(0x12) payload_len=50 len=50 hex=12005075626c696300392d4170722d323032360048656c74656320543131340000008b3387e9c5cdea6ac9e5edbaa115cd72
[debug] TCP-> len=53 hex=3e320012005075626c696300392d4170722d323032360048656c74656320543131340000008b3387e9c5cdea6ac9e5edbaa115cd72
[debug] BLE-> len=50 hex=12005075626c696300392d4170722d323032360048656c74656320543131340000008b3387e9c5cdea6ac9e5edbaa115cd72
[debug] BLE payload resp=ChannelInfo(0x12) payload_len=50 len=50 hex=12005075626c696300392d4170722d323032360048656c74656320543131340000008b3387e9c5cdea6ac9e5edbaa115cd72
[debug] TCP-> len=53 hex=3e320012005075626c696300392d4170722d323032360048656c74656320543131340000008b3387e9c5cdea6ac9e5edbaa115cd72
[debug] TCP<- len=5 hex=3c02001f01
[debug] TCP payload len=2 hex=1f01
[debug] TCP payload cmd=GetChannel(0x1f) payload_len=2 len=2 hex=1f01
[debug] BLE<- len=2 hex=1f01
[debug] BLE-> len=50 hex=120154657374204368616e6e656c00323032360048656c746563205431313400000045028b700049f2d2d7fbbc9eaf34bd47
[debug] BLE payload resp=ChannelInfo(0x12) payload_len=50 len=50 hex=120154657374204368616e6e656c00323032360048656c746563205431313400000045028b700049f2d2d7fbbc9eaf34bd47
[debug] TCP-> len=53 hex=3e3200120154657374204368616e6e656c00323032360048656c746563205431313400000045028b700049f2d2d7fbbc9eaf34bd47
[debug] BLE-> len=50 hex=120154657374204368616e6e656c00323032360048656c746563205431313400000045028b700049f2d2d7fbbc9eaf34bd47
[debug] BLE payload resp=ChannelInfo(0x12) payload_len=50 len=50 hex=120154657374204368616e6e656c00323032360048656c746563205431313400000045028b700049f2d2d7fbbc9eaf34bd47
[debug] TCP-> len=53 hex=3e3200120154657374204368616e6e656c00323032360048656c746563205431313400000045028b700049f2d2d7fbbc9eaf34bd47
[debug] TCP<- len=5 hex=3c02001f02
[debug] TCP payload len=2 hex=1f02
[debug] TCP payload cmd=GetChannel(0x1f) payload_len=2 len=2 hex=1f02
[debug] BLE<- len=2 hex=1f02
[debug] BLE-> len=50 hex=1202526f6220656e204164616d0000323032360048656c7465632054313134000000ca94ec5f2be22011df4d59caef646cac
[debug] BLE payload resp=ChannelInfo(0x12) payload_len=50 len=50 hex=1202526f6220656e204164616d0000323032360048656c7465632054313134000000ca94ec5f2be22011df4d59caef646cac
[debug] TCP-> len=53 hex=3e32001202526f6220656e204164616d0000323032360048656c7465632054313134000000ca94ec5f2be22011df4d59caef646cac
[debug] BLE-> len=50 hex=1202526f6220656e204164616d0000323032360048656c7465632054313134000000ca94ec5f2be22011df4d59caef646cac
[debug] BLE payload resp=ChannelInfo(0x12) payload_len=50 len=50 hex=1202526f6220656e204164616d0000323032360048656c7465632054313134000000ca94ec5f2be22011df4d59caef646cac
[debug] TCP-> len=53 hex=3e32001202526f6220656e204164616d0000323032360048656c7465632054313134000000ca94ec5f2be22011df4d59caef646cac
[debug] TCP<- len=5 hex=3c02001f03
[debug] TCP payload len=2 hex=1f03
[debug] TCP payload cmd=GetChannel(0x1f) payload_len=2 len=2 hex=1f03
[debug] BLE<- len=2 hex=1f03
[debug] BLE-> len=50 hex=12034d7974657374004164616d0000323032360048656c7465632054313134000000e3df2687079486f8b0b0f9fae618224d
[debug] BLE payload resp=ChannelInfo(0x12) payload_len=50 len=50 hex=12034d7974657374004164616d0000323032360048656c7465632054313134000000e3df2687079486f8b0b0f9fae618224d
[debug] TCP-> len=53 hex=3e320012034d7974657374004164616d0000323032360048656c7465632054313134000000e3df2687079486f8b0b0f9fae618224d
[debug] BLE-> len=50 hex=12034d7974657374004164616d0000323032360048656c7465632054313134000000e3df2687079486f8b0b0f9fae618224d
[debug] BLE payload resp=ChannelInfo(0x12) payload_len=50 len=50 hex=12034d7974657374004164616d0000323032360048656c7465632054313134000000e3df2687079486f8b0b0f9fae618224d
[debug] TCP-> len=53 hex=3e320012034d7974657374004164616d0000323032360048656c7465632054313134000000e3df2687079486f8b0b0f9fae618224d
[debug] TCP<- len=5 hex=3c02001f04
[debug] TCP payload len=2 hex=1f04
[debug] TCP payload cmd=GetChannel(0x1f) payload_len=2 len=2 hex=1f04
[debug] BLE<- len=2 hex=1f04
[debug] BLE-> len=50 hex=1204236e6c2d7a68004164616d0000323032360048656c7465632054313134000000077329ebecab6c87ab3a1d5bb58ac29e
[debug] BLE payload resp=ChannelInfo(0x12) payload_len=50 len=50 hex=1204236e6c2d7a68004164616d0000323032360048656c7465632054313134000000077329ebecab6c87ab3a1d5bb58ac29e
[debug] TCP-> len=53 hex=3e32001204236e6c2d7a68004164616d0000323032360048656c7465632054313134000000077329ebecab6c87ab3a1d5bb58ac29e
[debug] BLE-> len=50 hex=1204236e6c2d7a68004164616d0000323032360048656c7465632054313134000000077329ebecab6c87ab3a1d5bb58ac29e
[debug] BLE payload resp=ChannelInfo(0x12) payload_len=50 len=50 hex=1204236e6c2d7a68004164616d0000323032360048656c7465632054313134000000077329ebecab6c87ab3a1d5bb58ac29e
[debug] TCP-> len=53 hex=3e32001204236e6c2d7a68004164616d0000323032360048656c7465632054313134000000077329ebecab6c87ab3a1d5bb58ac29e
[debug] TCP<- len=5 hex=3c02001f05
[debug] TCP payload len=2 hex=1f05
[debug] TCP payload cmd=GetChannel(0x1f) payload_len=2 len=2 hex=1f05
[debug] BLE<- len=2 hex=1f05
[debug] BLE-> len=50 hex=1205236e6c007a68004164616d0000323032360048656c7465632054313134000000a8289f73665c28057d4f3815a6002921
[debug] BLE payload resp=ChannelInfo(0x12) payload_len=50 len=50 hex=1205236e6c007a68004164616d0000323032360048656c7465632054313134000000a8289f73665c28057d4f3815a6002921
[debug] TCP-> len=53 hex=3e32001205236e6c007a68004164616d0000323032360048656c7465632054313134000000a8289f73665c28057d4f3815a6002921
[debug] BLE-> len=50 hex=1205236e6c007a68004164616d0000323032360048656c7465632054313134000000a8289f73665c28057d4f3815a6002921
[debug] BLE payload resp=ChannelInfo(0x12) payload_len=50 len=50 hex=1205236e6c007a68004164616d0000323032360048656c7465632054313134000000a8289f73665c28057d4f3815a6002921
[debug] TCP-> len=53 hex=3e32001205236e6c007a68004164616d0000323032360048656c7465632054313134000000a8289f73665c28057d4f3815a6002921
[debug] TCP<- len=5 hex=3c02001f06
[debug] TCP payload len=2 hex=1f06
[debug] TCP payload cmd=GetChannel(0x1f) payload_len=2 len=2 hex=1f06
[debug] BLE<- len=2 hex=1f06
[debug] BLE-> len=50 hex=1206006e6c007a68004164616d0000323032360048656c746563205431313400000000000000000000000000000000000000
[debug] BLE payload resp=ChannelInfo(0x12) payload_len=50 len=50 hex=1206006e6c007a68004164616d0000323032360048656c746563205431313400000000000000000000000000000000000000
[debug] TCP-> len=53 hex=3e32001206006e6c007a68004164616d0000323032360048656c746563205431313400000000000000000000000000000000000000
[debug] BLE-> len=50 hex=1206006e6c007a68004164616d0000323032360048656c746563205431313400000000000000000000000000000000000000
[debug] BLE payload resp=ChannelInfo(0x12) payload_len=50 len=50 hex=1206006e6c007a68004164616d0000323032360048656c746563205431313400000000000000000000000000000000000000
[debug] TCP-> len=53 hex=3e32001206006e6c007a68004164616d0000323032360048656c746563205431313400000000000000000000000000000000000000
[debug] TCP<- len=5 hex=3c02001f07
[debug] TCP payload len=2 hex=1f07
[debug] TCP payload cmd=GetChannel(0x1f) payload_len=2 len=2 hex=1f07
[debug] BLE<- len=2 hex=1f07
[debug] BLE-> len=50 hex=1207006e6c007a68004164616d0000323032360048656c746563205431313400000000000000000000000000000000000000
[debug] BLE payload resp=ChannelInfo(0x12) payload_len=50 len=50 hex=1207006e6c007a68004164616d0000323032360048656c746563205431313400000000000000000000000000000000000000
[debug] TCP-> len=53 hex=3e32001207006e6c007a68004164616d0000323032360048656c746563205431313400000000000000000000000000000000000000
[debug] BLE-> len=50 hex=1207006e6c007a68004164616d0000323032360048656c746563205431313400000000000000000000000000000000000000
[debug] BLE payload resp=ChannelInfo(0x12) payload_len=50 len=50 hex=1207006e6c007a68004164616d0000323032360048656c746563205431313400000000000000000000000000000000000000
[debug] TCP-> len=53 hex=3e32001207006e6c007a68004164616d0000323032360048656c746563205431313400000000000000000000000000000000000000
[debug] TCP<- len=5 hex=3c02001f08
[debug] TCP payload len=2 hex=1f08
[debug] TCP payload cmd=GetChannel(0x1f) payload_len=2 len=2 hex=1f08
[debug] BLE<- len=2 hex=1f08
[debug] BLE-> len=50 hex=1208006e6c007a68004164616d0000323032360048656c746563205431313400000000000000000000000000000000000000
[debug] BLE payload resp=ChannelInfo(0x12) payload_len=50 len=50 hex=1208006e6c007a68004164616d0000323032360048656c746563205431313400000000000000000000000000000000000000
[debug] TCP-> len=53 hex=3e32001208006e6c007a68004164616d0000323032360048656c746563205431313400000000000000000000000000000000000000
[debug] BLE-> len=50 hex=1208006e6c007a68004164616d0000323032360048656c746563205431313400000000000000000000000000000000000000
[debug] BLE payload resp=ChannelInfo(0x12) payload_len=50 len=50 hex=1208006e6c007a68004164616d0000323032360048656c746563205431313400000000000000000000000000000000000000
[debug] TCP-> len=53 hex=3e32001208006e6c007a68004164616d0000323032360048656c746563205431313400000000000000000000000000000000000000
[debug] TCP<- len=5 hex=3c02001f09
[debug] TCP payload len=2 hex=1f09
[debug] TCP payload cmd=GetChannel(0x1f) payload_len=2 len=2 hex=1f09
[debug] BLE<- len=2 hex=1f09
[debug] BLE-> len=50 hex=1209006e6c007a68004164616d0000323032360048656c746563205431313400000000000000000000000000000000000000
[debug] BLE payload resp=ChannelInfo(0x12) payload_len=50 len=50 hex=1209006e6c007a68004164616d0000323032360048656c746563205431313400000000000000000000000000000000000000
[debug] TCP-> len=53 hex=3e32001209006e6c007a68004164616d0000323032360048656c746563205431313400000000000000000000000000000000000000
[debug] BLE-> len=50 hex=1209006e6c007a68004164616d0000323032360048656c746563205431313400000000000000000000000000000000000000
[debug] BLE payload resp=ChannelInfo(0x12) payload_len=50 len=50 hex=1209006e6c007a68004164616d0000323032360048656c746563205431313400000000000000000000000000000000000000
[debug] TCP-> len=53 hex=3e32001209006e6c007a68004164616d0000323032360048656c746563205431313400000000000000000000000000000000000000
[debug] TCP<- len=5 hex=3c02001f0a
[debug] TCP payload len=2 hex=1f0a
[debug] TCP payload cmd=GetChannel(0x1f) payload_len=2 len=2 hex=1f0a
[debug] BLE<- len=2 hex=1f0a
[debug] BLE-> len=50 hex=120a006e6c007a68004164616d0000323032360048656c746563205431313400000000000000000000000000000000000000
[debug] BLE payload resp=ChannelInfo(0x12) payload_len=50 len=50 hex=120a006e6c007a68004164616d0000323032360048656c746563205431313400000000000000000000000000000000000000
[debug] TCP-> len=53 hex=3e3200120a006e6c007a68004164616d0000323032360048656c746563205431313400000000000000000000000000000000000000
[debug] BLE-> len=50 hex=120a006e6c007a68004164616d0000323032360048656c746563205431313400000000000000000000000000000000000000
[debug] BLE payload resp=ChannelInfo(0x12) payload_len=50 len=50 hex=120a006e6c007a68004164616d0000323032360048656c746563205431313400000000000000000000000000000000000000
[debug] TCP-> len=53 hex=3e3200120a006e6c007a68004164616d0000323032360048656c746563205431313400000000000000000000000000000000000000
[debug] TCP<- len=5 hex=3c02001f0b
[debug] TCP payload len=2 hex=1f0b
[debug] TCP payload cmd=GetChannel(0x1f) payload_len=2 len=2 hex=1f0b
[debug] BLE<- len=2 hex=1f0b
[debug] BLE-> len=50 hex=120b006e6c007a68004164616d0000323032360048656c746563205431313400000000000000000000000000000000000000
[debug] BLE payload resp=ChannelInfo(0x12) payload_len=50 len=50 hex=120b006e6c007a68004164616d0000323032360048656c746563205431313400000000000000000000000000000000000000
[debug] TCP-> len=53 hex=3e3200120b006e6c007a68004164616d0000323032360048656c746563205431313400000000000000000000000000000000000000
[debug] BLE-> len=50 hex=120b006e6c007a68004164616d0000323032360048656c746563205431313400000000000000000000000000000000000000
[debug] BLE payload resp=ChannelInfo(0x12) payload_len=50 len=50 hex=120b006e6c007a68004164616d0000323032360048656c746563205431313400000000000000000000000000000000000000
[debug] TCP-> len=53 hex=3e3200120b006e6c007a68004164616d0000323032360048656c746563205431313400000000000000000000000000000000000000
[debug] TCP<- len=5 hex=3c02001f0c
[debug] TCP payload len=2 hex=1f0c
[debug] TCP payload cmd=GetChannel(0x1f) payload_len=2 len=2 hex=1f0c
[debug] BLE<- len=2 hex=1f0c
[debug] BLE-> len=50 hex=120c006e6c007a68004164616d0000323032360048656c746563205431313400000000000000000000000000000000000000
[debug] BLE payload resp=ChannelInfo(0x12) payload_len=50 len=50 hex=120c006e6c007a68004164616d0000323032360048656c746563205431313400000000000000000000000000000000000000
[debug] TCP-> len=53 hex=3e3200120c006e6c007a68004164616d0000323032360048656c746563205431313400000000000000000000000000000000000000
[debug] BLE-> len=50 hex=120c006e6c007a68004164616d0000323032360048656c746563205431313400000000000000000000000000000000000000
[debug] BLE payload resp=ChannelInfo(0x12) payload_len=50 len=50 hex=120c006e6c007a68004164616d0000323032360048656c746563205431313400000000000000000000000000000000000000
[debug] TCP-> len=53 hex=3e3200120c006e6c007a68004164616d0000323032360048656c746563205431313400000000000000000000000000000000000000
[debug] TCP<- len=5 hex=3c02001f0d
[debug] TCP payload len=2 hex=1f0d
[debug] TCP payload cmd=GetChannel(0x1f) payload_len=2 len=2 hex=1f0d
[debug] BLE<- len=2 hex=1f0d
[debug] BLE-> len=50 hex=120d006e6c007a68004164616d0000323032360048656c746563205431313400000000000000000000000000000000000000
[debug] BLE payload resp=ChannelInfo(0x12) payload_len=50 len=50 hex=120d006e6c007a68004164616d0000323032360048656c746563205431313400000000000000000000000000000000000000
[debug] TCP-> len=53 hex=3e3200120d006e6c007a68004164616d0000323032360048656c746563205431313400000000000000000000000000000000000000
[debug] BLE-> len=50 hex=120d006e6c007a68004164616d0000323032360048656c746563205431313400000000000000000000000000000000000000
[debug] BLE payload resp=ChannelInfo(0x12) payload_len=50 len=50 hex=120d006e6c007a68004164616d0000323032360048656c746563205431313400000000000000000000000000000000000000
[debug] TCP-> len=53 hex=3e3200120d006e6c007a68004164616d0000323032360048656c746563205431313400000000000000000000000000000000000000
[debug] TCP<- len=5 hex=3c02001f0e
[debug] TCP payload len=2 hex=1f0e
[debug] TCP payload cmd=GetChannel(0x1f) payload_len=2 len=2 hex=1f0e
[debug] BLE<- len=2 hex=1f0e
[debug] BLE-> len=50 hex=120e006e6c007a68004164616d0000323032360048656c746563205431313400000000000000000000000000000000000000
[debug] BLE payload resp=ChannelInfo(0x12) payload_len=50 len=50 hex=120e006e6c007a68004164616d0000323032360048656c746563205431313400000000000000000000000000000000000000
[debug] TCP-> len=53 hex=3e3200120e006e6c007a68004164616d0000323032360048656c746563205431313400000000000000000000000000000000000000
[debug] BLE-> len=50 hex=120e006e6c007a68004164616d0000323032360048656c746563205431313400000000000000000000000000000000000000
[debug] BLE payload resp=ChannelInfo(0x12) payload_len=50 len=50 hex=120e006e6c007a68004164616d0000323032360048656c746563205431313400000000000000000000000000000000000000
[debug] TCP-> len=53 hex=3e3200120e006e6c007a68004164616d0000323032360048656c746563205431313400000000000000000000000000000000000000
[debug] TCP<- len=5 hex=3c02001f0f
[debug] TCP payload len=2 hex=1f0f
[debug] TCP payload cmd=GetChannel(0x1f) payload_len=2 len=2 hex=1f0f
[debug] BLE<- len=2 hex=1f0f
[debug] BLE-> len=50 hex=120f006e6c007a68004164616d0000323032360048656c746563205431313400000000000000000000000000000000000000
[debug] BLE payload resp=ChannelInfo(0x12) payload_len=50 len=50 hex=120f006e6c007a68004164616d0000323032360048656c746563205431313400000000000000000000000000000000000000
[debug] TCP-> len=53 hex=3e3200120f006e6c007a68004164616d0000323032360048656c746563205431313400000000000000000000000000000000000000
[debug] BLE-> len=50 hex=120f006e6c007a68004164616d0000323032360048656c746563205431313400000000000000000000000000000000000000
[debug] BLE payload resp=ChannelInfo(0x12) payload_len=50 len=50 hex=120f006e6c007a68004164616d0000323032360048656c746563205431313400000000000000000000000000000000000000
[debug] TCP-> len=53 hex=3e3200120f006e6c007a68004164616d0000323032360048656c746563205431313400000000000000000000000000000000000000
[debug] TCP<- len=5 hex=3c02001f10
[debug] TCP payload len=2 hex=1f10
[debug] TCP payload cmd=GetChannel(0x1f) payload_len=2 len=2 hex=1f10
[debug] BLE<- len=2 hex=1f10
[debug] BLE-> len=50 hex=1210006e6c007a68004164616d0000323032360048656c746563205431313400000000000000000000000000000000000000
[debug] BLE payload resp=ChannelInfo(0x12) payload_len=50 len=50 hex=1210006e6c007a68004164616d0000323032360048656c746563205431313400000000000000000000000000000000000000
[debug] TCP-> len=53 hex=3e32001210006e6c007a68004164616d0000323032360048656c746563205431313400000000000000000000000000000000000000
[debug] BLE-> len=50 hex=1210006e6c007a68004164616d0000323032360048656c746563205431313400000000000000000000000000000000000000
[debug] BLE payload resp=ChannelInfo(0x12) payload_len=50 len=50 hex=1210006e6c007a68004164616d0000323032360048656c746563205431313400000000000000000000000000000000000000
[debug] TCP-> len=53 hex=3e32001210006e6c007a68004164616d0000323032360048656c746563205431313400000000000000000000000000000000000000
[debug] TCP<- len=5 hex=3c02001f11
[debug] TCP payload len=2 hex=1f11
[debug] TCP payload cmd=GetChannel(0x1f) payload_len=2 len=2 hex=1f11
[debug] BLE<- len=2 hex=1f11
[debug] BLE-> len=50 hex=1211006e6c007a68004164616d0000323032360048656c746563205431313400000000000000000000000000000000000000
[debug] BLE payload resp=ChannelInfo(0x12) payload_len=50 len=50 hex=1211006e6c007a68004164616d0000323032360048656c746563205431313400000000000000000000000000000000000000
[debug] TCP-> len=53 hex=3e32001211006e6c007a68004164616d0000323032360048656c746563205431313400000000000000000000000000000000000000
[debug] BLE-> len=50 hex=1211006e6c007a68004164616d0000323032360048656c746563205431313400000000000000000000000000000000000000
[debug] BLE payload resp=ChannelInfo(0x12) payload_len=50 len=50 hex=1211006e6c007a68004164616d0000323032360048656c746563205431313400000000000000000000000000000000000000
[debug] TCP-> len=53 hex=3e32001211006e6c007a68004164616d0000323032360048656c746563205431313400000000000000000000000000000000000000
[debug] TCP<- len=5 hex=3c02001f12
[debug] TCP payload len=2 hex=1f12
[debug] TCP payload cmd=GetChannel(0x1f) payload_len=2 len=2 hex=1f12
[debug] BLE<- len=2 hex=1f12
[debug] BLE-> len=50 hex=1212006e6c007a68004164616d0000323032360048656c746563205431313400000000000000000000000000000000000000
[debug] BLE payload resp=ChannelInfo(0x12) payload_len=50 len=50 hex=1212006e6c007a68004164616d0000323032360048656c746563205431313400000000000000000000000000000000000000
[debug] TCP-> len=53 hex=3e32001212006e6c007a68004164616d0000323032360048656c746563205431313400000000000000000000000000000000000000
[debug] BLE-> len=50 hex=1212006e6c007a68004164616d0000323032360048656c746563205431313400000000000000000000000000000000000000
[debug] BLE payload resp=ChannelInfo(0x12) payload_len=50 len=50 hex=1212006e6c007a68004164616d0000323032360048656c746563205431313400000000000000000000000000000000000000
[debug] TCP-> len=53 hex=3e32001212006e6c007a68004164616d0000323032360048656c746563205431313400000000000000000000000000000000000000
[debug] TCP<- len=5 hex=3c02001f13
[debug] TCP payload len=2 hex=1f13
[debug] TCP payload cmd=GetChannel(0x1f) payload_len=2 len=2 hex=1f13
[debug] BLE<- len=2 hex=1f13
[debug] BLE-> len=50 hex=1213006e6c007a68004164616d0000323032360048656c746563205431313400000000000000000000000000000000000000
[debug] BLE payload resp=ChannelInfo(0x12) payload_len=50 len=50 hex=1213006e6c007a68004164616d0000323032360048656c746563205431313400000000000000000000000000000000000000
[debug] TCP-> len=53 hex=3e32001213006e6c007a68004164616d0000323032360048656c746563205431313400000000000000000000000000000000000000
[debug] BLE-> len=50 hex=1213006e6c007a68004164616d0000323032360048656c746563205431313400000000000000000000000000000000000000
[debug] BLE payload resp=ChannelInfo(0x12) payload_len=50 len=50 hex=1213006e6c007a68004164616d0000323032360048656c746563205431313400000000000000000000000000000000000000
[debug] TCP-> len=53 hex=3e32001213006e6c007a68004164616d0000323032360048656c746563205431313400000000000000000000000000000000000000
[debug] TCP<- len=5 hex=3c02001f14
[debug] TCP payload len=2 hex=1f14
[debug] TCP payload cmd=GetChannel(0x1f) payload_len=2 len=2 hex=1f14
[debug] BLE<- len=2 hex=1f14
[debug] BLE-> len=50 hex=1214006e6c007a68004164616d0000323032360048656c746563205431313400000000000000000000000000000000000000
[debug] BLE payload resp=ChannelInfo(0x12) payload_len=50 len=50 hex=1214006e6c007a68004164616d0000323032360048656c746563205431313400000000000000000000000000000000000000
[debug] TCP-> len=53 hex=3e32001214006e6c007a68004164616d0000323032360048656c746563205431313400000000000000000000000000000000000000
[debug] BLE-> len=50 hex=1214006e6c007a68004164616d0000323032360048656c746563205431313400000000000000000000000000000000000000
[debug] BLE payload resp=ChannelInfo(0x12) payload_len=50 len=50 hex=1214006e6c007a68004164616d0000323032360048656c746563205431313400000000000000000000000000000000000000
[debug] TCP-> len=53 hex=3e32001214006e6c007a68004164616d0000323032360048656c746563205431313400000000000000000000000000000000000000
[debug] TCP<- len=5 hex=3c02001f15
[debug] TCP payload len=2 hex=1f15
[debug] TCP payload cmd=GetChannel(0x1f) payload_len=2 len=2 hex=1f15
[debug] BLE<- len=2 hex=1f15
[debug] BLE-> len=50 hex=1215006e6c007a68004164616d0000323032360048656c746563205431313400000000000000000000000000000000000000
[debug] BLE payload resp=ChannelInfo(0x12) payload_len=50 len=50 hex=1215006e6c007a68004164616d0000323032360048656c746563205431313400000000000000000000000000000000000000
[debug] TCP-> len=53 hex=3e32001215006e6c007a68004164616d0000323032360048656c746563205431313400000000000000000000000000000000000000
[debug] BLE-> len=50 hex=1215006e6c007a68004164616d0000323032360048656c746563205431313400000000000000000000000000000000000000
[debug] BLE payload resp=ChannelInfo(0x12) payload_len=50 len=50 hex=1215006e6c007a68004164616d0000323032360048656c746563205431313400000000000000000000000000000000000000
[debug] TCP-> len=53 hex=3e32001215006e6c007a68004164616d0000323032360048656c746563205431313400000000000000000000000000000000000000
[debug] TCP<- len=5 hex=3c02001f16
[debug] TCP payload len=2 hex=1f16
[debug] TCP payload cmd=GetChannel(0x1f) payload_len=2 len=2 hex=1f16
[debug] BLE<- len=2 hex=1f16
[debug] BLE-> len=50 hex=1216006e6c007a68004164616d0000323032360048656c746563205431313400000000000000000000000000000000000000
[debug] BLE payload resp=ChannelInfo(0x12) payload_len=50 len=50 hex=1216006e6c007a68004164616d0000323032360048656c746563205431313400000000000000000000000000000000000000
[debug] TCP-> len=53 hex=3e32001216006e6c007a68004164616d0000323032360048656c746563205431313400000000000000000000000000000000000000
[debug] BLE-> len=50 hex=1216006e6c007a68004164616d0000323032360048656c746563205431313400000000000000000000000000000000000000
[debug] BLE payload resp=ChannelInfo(0x12) payload_len=50 len=50 hex=1216006e6c007a68004164616d0000323032360048656c746563205431313400000000000000000000000000000000000000
[debug] TCP-> len=53 hex=3e32001216006e6c007a68004164616d0000323032360048656c746563205431313400000000000000000000000000000000000000
[debug] TCP<- len=5 hex=3c02001f17
[debug] TCP payload len=2 hex=1f17
[debug] TCP payload cmd=GetChannel(0x1f) payload_len=2 len=2 hex=1f17
[debug] BLE<- len=2 hex=1f17
[debug] BLE-> len=50 hex=1217006e6c007a68004164616d0000323032360048656c746563205431313400000000000000000000000000000000000000
[debug] BLE payload resp=ChannelInfo(0x12) payload_len=50 len=50 hex=1217006e6c007a68004164616d0000323032360048656c746563205431313400000000000000000000000000000000000000
[debug] TCP-> len=53 hex=3e32001217006e6c007a68004164616d0000323032360048656c746563205431313400000000000000000000000000000000000000
[debug] BLE-> len=50 hex=1217006e6c007a68004164616d0000323032360048656c746563205431313400000000000000000000000000000000000000
[debug] BLE payload resp=ChannelInfo(0x12) payload_len=50 len=50 hex=1217006e6c007a68004164616d0000323032360048656c746563205431313400000000000000000000000000000000000000
[debug] TCP-> len=53 hex=3e32001217006e6c007a68004164616d0000323032360048656c746563205431313400000000000000000000000000000000000000
[debug] TCP<- len=5 hex=3c02001f18
[debug] TCP payload len=2 hex=1f18
[debug] TCP payload cmd=GetChannel(0x1f) payload_len=2 len=2 hex=1f18
[debug] BLE<- len=2 hex=1f18
[debug] BLE-> len=50 hex=1218006e6c007a68004164616d0000323032360048656c746563205431313400000000000000000000000000000000000000
[debug] BLE payload resp=ChannelInfo(0x12) payload_len=50 len=50 hex=1218006e6c007a68004164616d0000323032360048656c746563205431313400000000000000000000000000000000000000
[debug] TCP-> len=53 hex=3e32001218006e6c007a68004164616d0000323032360048656c746563205431313400000000000000000000000000000000000000
[debug] BLE-> len=50 hex=1218006e6c007a68004164616d0000323032360048656c746563205431313400000000000000000000000000000000000000
[debug] BLE payload resp=ChannelInfo(0x12) payload_len=50 len=50 hex=1218006e6c007a68004164616d0000323032360048656c746563205431313400000000000000000000000000000000000000
[debug] TCP-> len=53 hex=3e32001218006e6c007a68004164616d0000323032360048656c746563205431313400000000000000000000000000000000000000
[debug] TCP<- len=5 hex=3c02001f19
[debug] TCP payload len=2 hex=1f19
[debug] TCP payload cmd=GetChannel(0x1f) payload_len=2 len=2 hex=1f19
[debug] BLE<- len=2 hex=1f19
[debug] BLE-> len=50 hex=1219006e6c007a68004164616d0000323032360048656c746563205431313400000000000000000000000000000000000000
[debug] BLE payload resp=ChannelInfo(0x12) payload_len=50 len=50 hex=1219006e6c007a68004164616d0000323032360048656c746563205431313400000000000000000000000000000000000000
[debug] TCP-> len=53 hex=3e32001219006e6c007a68004164616d0000323032360048656c746563205431313400000000000000000000000000000000000000
[debug] BLE-> len=50 hex=1219006e6c007a68004164616d0000323032360048656c746563205431313400000000000000000000000000000000000000
[debug] BLE payload resp=ChannelInfo(0x12) payload_len=50 len=50 hex=1219006e6c007a68004164616d0000323032360048656c746563205431313400000000000000000000000000000000000000
[debug] TCP-> len=53 hex=3e32001219006e6c007a68004164616d0000323032360048656c746563205431313400000000000000000000000000000000000000
[debug] TCP<- len=5 hex=3c02001f1a
[debug] TCP payload len=2 hex=1f1a
[debug] TCP payload cmd=GetChannel(0x1f) payload_len=2 len=2 hex=1f1a
[debug] BLE<- len=2 hex=1f1a
[debug] BLE-> len=50 hex=121a006e6c007a68004164616d0000323032360048656c746563205431313400000000000000000000000000000000000000
[debug] BLE payload resp=ChannelInfo(0x12) payload_len=50 len=50 hex=121a006e6c007a68004164616d0000323032360048656c746563205431313400000000000000000000000000000000000000
[debug] TCP-> len=53 hex=3e3200121a006e6c007a68004164616d0000323032360048656c746563205431313400000000000000000000000000000000000000
[debug] BLE-> len=50 hex=121a006e6c007a68004164616d0000323032360048656c746563205431313400000000000000000000000000000000000000
[debug] BLE payload resp=ChannelInfo(0x12) payload_len=50 len=50 hex=121a006e6c007a68004164616d0000323032360048656c746563205431313400000000000000000000000000000000000000
[debug] TCP-> len=53 hex=3e3200121a006e6c007a68004164616d0000323032360048656c746563205431313400000000000000000000000000000000000000
[debug] TCP<- len=5 hex=3c02001f1b
[debug] TCP payload len=2 hex=1f1b
[debug] TCP payload cmd=GetChannel(0x1f) payload_len=2 len=2 hex=1f1b
[debug] BLE<- len=2 hex=1f1b
[debug] BLE-> len=50 hex=121b006e6c007a68004164616d0000323032360048656c746563205431313400000000000000000000000000000000000000
[debug] BLE payload resp=ChannelInfo(0x12) payload_len=50 len=50 hex=121b006e6c007a68004164616d0000323032360048656c746563205431313400000000000000000000000000000000000000
[debug] TCP-> len=53 hex=3e3200121b006e6c007a68004164616d0000323032360048656c746563205431313400000000000000000000000000000000000000
[debug] BLE-> len=50 hex=121b006e6c007a68004164616d0000323032360048656c746563205431313400000000000000000000000000000000000000
[debug] BLE payload resp=ChannelInfo(0x12) payload_len=50 len=50 hex=121b006e6c007a68004164616d0000323032360048656c746563205431313400000000000000000000000000000000000000
[debug] TCP-> len=53 hex=3e3200121b006e6c007a68004164616d0000323032360048656c746563205431313400000000000000000000000000000000000000
[debug] TCP<- len=5 hex=3c02001f1c
[debug] TCP payload len=2 hex=1f1c
[debug] TCP payload cmd=GetChannel(0x1f) payload_len=2 len=2 hex=1f1c
[debug] BLE<- len=2 hex=1f1c
[debug] BLE-> len=50 hex=121c006e6c007a68004164616d0000323032360048656c746563205431313400000000000000000000000000000000000000
[debug] BLE payload resp=ChannelInfo(0x12) payload_len=50 len=50 hex=121c006e6c007a68004164616d0000323032360048656c746563205431313400000000000000000000000000000000000000
[debug] TCP-> len=53 hex=3e3200121c006e6c007a68004164616d0000323032360048656c746563205431313400000000000000000000000000000000000000
[debug] BLE-> len=50 hex=121c006e6c007a68004164616d0000323032360048656c746563205431313400000000000000000000000000000000000000
[debug] BLE payload resp=ChannelInfo(0x12) payload_len=50 len=50 hex=121c006e6c007a68004164616d0000323032360048656c746563205431313400000000000000000000000000000000000000
[debug] TCP-> len=53 hex=3e3200121c006e6c007a68004164616d0000323032360048656c746563205431313400000000000000000000000000000000000000
[debug] TCP<- len=5 hex=3c02001f1d
[debug] TCP payload len=2 hex=1f1d
[debug] TCP payload cmd=GetChannel(0x1f) payload_len=2 len=2 hex=1f1d
[debug] BLE<- len=2 hex=1f1d
[debug] BLE-> len=50 hex=121d006e6c007a68004164616d0000323032360048656c746563205431313400000000000000000000000000000000000000
[debug] BLE payload resp=ChannelInfo(0x12) payload_len=50 len=50 hex=121d006e6c007a68004164616d0000323032360048656c746563205431313400000000000000000000000000000000000000
[debug] TCP-> len=53 hex=3e3200121d006e6c007a68004164616d0000323032360048656c746563205431313400000000000000000000000000000000000000
[debug] BLE-> len=50 hex=121d006e6c007a68004164616d0000323032360048656c746563205431313400000000000000000000000000000000000000
[debug] BLE payload resp=ChannelInfo(0x12) payload_len=50 len=50 hex=121d006e6c007a68004164616d0000323032360048656c746563205431313400000000000000000000000000000000000000
[debug] TCP-> len=53 hex=3e3200121d006e6c007a68004164616d0000323032360048656c746563205431313400000000000000000000000000000000000000
[debug] TCP<- len=5 hex=3c02001f1e
[debug] TCP payload len=2 hex=1f1e
[debug] TCP payload cmd=GetChannel(0x1f) payload_len=2 len=2 hex=1f1e
[debug] BLE<- len=2 hex=1f1e
[debug] BLE-> len=50 hex=121e006e6c007a68004164616d0000323032360048656c746563205431313400000000000000000000000000000000000000
[debug] BLE payload resp=ChannelInfo(0x12) payload_len=50 len=50 hex=121e006e6c007a68004164616d0000323032360048656c746563205431313400000000000000000000000000000000000000
[debug] TCP-> len=53 hex=3e3200121e006e6c007a68004164616d0000323032360048656c746563205431313400000000000000000000000000000000000000
[debug] BLE-> len=50 hex=121e006e6c007a68004164616d0000323032360048656c746563205431313400000000000000000000000000000000000000
[debug] BLE payload resp=ChannelInfo(0x12) payload_len=50 len=50 hex=121e006e6c007a68004164616d0000323032360048656c746563205431313400000000000000000000000000000000000000
[debug] TCP-> len=53 hex=3e3200121e006e6c007a68004164616d0000323032360048656c746563205431313400000000000000000000000000000000000000
[debug] TCP<- len=5 hex=3c02001f1f
[debug] TCP payload len=2 hex=1f1f
[debug] TCP payload cmd=GetChannel(0x1f) payload_len=2 len=2 hex=1f1f
[debug] BLE<- len=2 hex=1f1f
[debug] BLE-> len=50 hex=121f006e6c007a68004164616d0000323032360048656c746563205431313400000000000000000000000000000000000000
[debug] BLE payload resp=ChannelInfo(0x12) payload_len=50 len=50 hex=121f006e6c007a68004164616d0000323032360048656c746563205431313400000000000000000000000000000000000000
[debug] TCP-> len=53 hex=3e3200121f006e6c007a68004164616d0000323032360048656c746563205431313400000000000000000000000000000000000000
[debug] BLE-> len=50 hex=121f006e6c007a68004164616d0000323032360048656c746563205431313400000000000000000000000000000000000000
[debug] BLE payload resp=ChannelInfo(0x12) payload_len=50 len=50 hex=121f006e6c007a68004164616d0000323032360048656c746563205431313400000000000000000000000000000000000000
[debug] TCP-> len=53 hex=3e3200121f006e6c007a68004164616d0000323032360048656c746563205431313400000000000000000000000000000000000000
[debug] TCP<- len=5 hex=3c02001f20
[debug] TCP payload len=2 hex=1f20
[debug] TCP payload cmd=GetChannel(0x1f) payload_len=2 len=2 hex=1f20
[debug] BLE<- len=2 hex=1f20
[debug] BLE-> len=41 hex=8830c4002cb1000046bf161000e0d437f36895ed268dd740b3cb633a5277712e5b678492e0fb137dc0
[debug] BLE payload resp=0x88(0x88) payload_len=41 len=41 hex=8830c4002cb1000046bf161000e0d437f36895ed268dd740b3cb633a5277712e5b678492e0fb137dc0
[debug] TCP-> len=44 hex=3e29008830c4002cb1000046bf161000e0d437f36895ed268dd740b3cb633a5277712e5b678492e0fb137dc0
[debug] BLE-> len=41 hex=8830c4002cb1000046bf161000e0d437f36895ed268dd740b3cb633a5277712e5b678492e0fb137dc0
[debug] BLE payload resp=0x88(0x88) payload_len=41 len=41 hex=8830c4002cb1000046bf161000e0d437f36895ed268dd740b3cb633a5277712e5b678492e0fb137dc0
[debug] TCP-> len=44 hex=3e29008830c4002cb1000046bf161000e0d437f36895ed268dd740b3cb633a5277712e5b678492e0fb137dc0
[debug] BLE-> len=50 hex=122000002cb1000046bf161000e0d437f36895ed268dd740b3cb633a5277712e5b6700000000000000000000000000000000
[debug] BLE payload resp=ChannelInfo(0x12) payload_len=50 len=50 hex=122000002cb1000046bf161000e0d437f36895ed268dd740b3cb633a5277712e5b6700000000000000000000000000000000
[debug] TCP-> len=53 hex=3e3200122000002cb1000046bf161000e0d437f36895ed268dd740b3cb633a5277712e5b6700000000000000000000000000000000
[debug] BLE-> len=50 hex=122000002cb1000046bf161000e0d437f36895ed268dd740b3cb633a5277712e5b6700000000000000000000000000000000
[debug] BLE payload resp=ChannelInfo(0x12) payload_len=50 len=50 hex=122000002cb1000046bf161000e0d437f36895ed268dd740b3cb633a5277712e5b6700000000000000000000000000000000
[debug] TCP-> len=53 hex=3e3200122000002cb1000046bf161000e0d437f36895ed268dd740b3cb633a5277712e5b6700000000000000000000000000000000
[debug] TCP<- len=5 hex=3c02001f21
[debug] TCP payload len=2 hex=1f21
[debug] TCP payload cmd=GetChannel(0x1f) payload_len=2 len=2 hex=1f21
[debug] BLE<- len=2 hex=1f21
[debug] BLE-> len=50 hex=122100002cb1000046bf161000e0d437f36895ed268dd740b3cb633a5277712e5b6700000000000000000000000000000000
[debug] BLE payload resp=ChannelInfo(0x12) payload_len=50 len=50 hex=122100002cb1000046bf161000e0d437f36895ed268dd740b3cb633a5277712e5b6700000000000000000000000000000000
[debug] TCP-> len=53 hex=3e3200122100002cb1000046bf161000e0d437f36895ed268dd740b3cb633a5277712e5b6700000000000000000000000000000000
[debug] BLE-> len=50 hex=122100002cb1000046bf161000e0d437f36895ed268dd740b3cb633a5277712e5b6700000000000000000000000000000000
[debug] BLE payload resp=ChannelInfo(0x12) payload_len=50 len=50 hex=122100002cb1000046bf161000e0d437f36895ed268dd740b3cb633a5277712e5b6700000000000000000000000000000000
[debug] TCP-> len=53 hex=3e3200122100002cb1000046bf161000e0d437f36895ed268dd740b3cb633a5277712e5b6700000000000000000000000000000000
[debug] TCP<- len=5 hex=3c02001f22
[debug] TCP payload len=2 hex=1f22
[debug] TCP payload cmd=GetChannel(0x1f) payload_len=2 len=2 hex=1f22
[debug] BLE<- len=2 hex=1f22
[debug] TCP<- len=5 hex=3c02001f23
[debug] TCP payload len=2 hex=1f23
[debug] TCP payload cmd=GetChannel(0x1f) payload_len=2 len=2 hex=1f23
[debug] BLE<- len=2 hex=1f23
[debug] BLE-> len=50 hex=122200002cb1000046bf161000e0d437f36895ed268dd740b3cb633a5277712e5b6700000000000000000000000000000000
[debug] BLE payload resp=ChannelInfo(0x12) payload_len=50 len=50 hex=122200002cb1000046bf161000e0d437f36895ed268dd740b3cb633a5277712e5b6700000000000000000000000000000000
[debug] TCP-> len=53 hex=3e3200122200002cb1000046bf161000e0d437f36895ed268dd740b3cb633a5277712e5b6700000000000000000000000000000000
[debug] BLE-> len=50 hex=122200002cb1000046bf161000e0d437f36895ed268dd740b3cb633a5277712e5b6700000000000000000000000000000000
[debug] BLE payload resp=ChannelInfo(0x12) payload_len=50 len=50 hex=122200002cb1000046bf161000e0d437f36895ed268dd740b3cb633a5277712e5b6700000000000000000000000000000000
[debug] TCP-> len=53 hex=3e3200122200002cb1000046bf161000e0d437f36895ed268dd740b3cb633a5277712e5b6700000000000000000000000000000000
[debug] TCP<- len=5 hex=3c02001f24
[debug] TCP payload len=2 hex=1f24
[debug] TCP payload cmd=GetChannel(0x1f) payload_len=2 len=2 hex=1f24
[debug] BLE<- len=2 hex=1f24
[debug] BLE-> len=50 hex=122300002cb1000046bf161000e0d437f36895ed268dd740b3cb633a5277712e5b6700000000000000000000000000000000
[debug] BLE payload resp=ChannelInfo(0x12) payload_len=50 len=50 hex=122300002cb1000046bf161000e0d437f36895ed268dd740b3cb633a5277712e5b6700000000000000000000000000000000
[debug] TCP-> len=53 hex=3e3200122300002cb1000046bf161000e0d437f36895ed268dd740b3cb633a5277712e5b6700000000000000000000000000000000
[debug] BLE-> len=50 hex=122300002cb1000046bf161000e0d437f36895ed268dd740b3cb633a5277712e5b6700000000000000000000000000000000
[debug] BLE payload resp=ChannelInfo(0x12) payload_len=50 len=50 hex=122300002cb1000046bf161000e0d437f36895ed268dd740b3cb633a5277712e5b6700000000000000000000000000000000
[debug] TCP-> len=53 hex=3e3200122300002cb1000046bf161000e0d437f36895ed268dd740b3cb633a5277712e5b6700000000000000000000000000000000
[debug] TCP<- len=5 hex=3c02001f25
[debug] TCP payload len=2 hex=1f25
[debug] TCP payload cmd=GetChannel(0x1f) payload_len=2 len=2 hex=1f25
[debug] BLE<- len=2 hex=1f25
[debug] BLE-> len=50 hex=122400002cb1000046bf161000e0d437f36895ed268dd740b3cb633a5277712e5b6700000000000000000000000000000000
[debug] BLE payload resp=ChannelInfo(0x12) payload_len=50 len=50 hex=122400002cb1000046bf161000e0d437f36895ed268dd740b3cb633a5277712e5b6700000000000000000000000000000000
[debug] TCP-> len=53 hex=3e3200122400002cb1000046bf161000e0d437f36895ed268dd740b3cb633a5277712e5b6700000000000000000000000000000000
[debug] BLE-> len=50 hex=122400002cb1000046bf161000e0d437f36895ed268dd740b3cb633a5277712e5b6700000000000000000000000000000000
[debug] BLE payload resp=ChannelInfo(0x12) payload_len=50 len=50 hex=122400002cb1000046bf161000e0d437f36895ed268dd740b3cb633a5277712e5b6700000000000000000000000000000000
[debug] TCP-> len=53 hex=3e3200122400002cb1000046bf161000e0d437f36895ed268dd740b3cb633a5277712e5b6700000000000000000000000000000000
[debug] TCP<- len=10 hex=3c02001f263c02001f27
[debug] TCP payload len=2 hex=1f26
[debug] TCP payload cmd=GetChannel(0x1f) payload_len=2 len=2 hex=1f26
[debug] BLE<- len=2 hex=1f26
[debug] TCP payload len=2 hex=1f27
[debug] TCP payload cmd=GetChannel(0x1f) payload_len=2 len=2 hex=1f27
[debug] BLE<- len=2 hex=1f27
[debug] BLE-> len=50 hex=122500002cb1000046bf161000e0d437f36895ed268dd740b3cb633a5277712e5b6700000000000000000000000000000000
[debug] BLE payload resp=ChannelInfo(0x12) payload_len=50 len=50 hex=122500002cb1000046bf161000e0d437f36895ed268dd740b3cb633a5277712e5b6700000000000000000000000000000000
[debug] TCP-> len=53 hex=3e3200122500002cb1000046bf161000e0d437f36895ed268dd740b3cb633a5277712e5b6700000000000000000000000000000000
[debug] BLE-> len=50 hex=122500002cb1000046bf161000e0d437f36895ed268dd740b3cb633a5277712e5b6700000000000000000000000000000000
[debug] BLE payload resp=ChannelInfo(0x12) payload_len=50 len=50 hex=122500002cb1000046bf161000e0d437f36895ed268dd740b3cb633a5277712e5b6700000000000000000000000000000000
[debug] TCP-> len=53 hex=3e3200122500002cb1000046bf161000e0d437f36895ed268dd740b3cb633a5277712e5b6700000000000000000000000000000000
[debug] BLE-> len=50 hex=122600002cb1000046bf161000e0d437f36895ed268dd740b3cb633a5277712e5b6700000000000000000000000000000000
[debug] BLE payload resp=ChannelInfo(0x12) payload_len=50 len=50 hex=122600002cb1000046bf161000e0d437f36895ed268dd740b3cb633a5277712e5b6700000000000000000000000000000000
[debug] TCP-> len=53 hex=3e3200122600002cb1000046bf161000e0d437f36895ed268dd740b3cb633a5277712e5b6700000000000000000000000000000000
[debug] BLE-> len=50 hex=122600002cb1000046bf161000e0d437f36895ed268dd740b3cb633a5277712e5b6700000000000000000000000000000000
[debug] BLE payload resp=ChannelInfo(0x12) payload_len=50 len=50 hex=122600002cb1000046bf161000e0d437f36895ed268dd740b3cb633a5277712e5b6700000000000000000000000000000000
[debug] TCP-> len=53 hex=3e3200122600002cb1000046bf161000e0d437f36895ed268dd740b3cb633a5277712e5b6700000000000000000000000000000000
[debug] TCP<- len=10 hex=3c02001f283c02001f29
[debug] TCP payload len=2 hex=1f28
[debug] TCP payload cmd=GetChannel(0x1f) payload_len=2 len=2 hex=1f28
[debug] BLE<- len=2 hex=1f28
[debug] TCP payload len=2 hex=1f29
[debug] TCP payload cmd=GetChannel(0x1f) payload_len=2 len=2 hex=1f29
[debug] BLE<- len=2 hex=1f29
[debug] BLE-> len=50 hex=122700002cb1000046bf161000e0d437f36895ed268dd740b3cb633a5277712e5b6700000000000000000000000000000000
[debug] BLE payload resp=ChannelInfo(0x12) payload_len=50 len=50 hex=122700002cb1000046bf161000e0d437f36895ed268dd740b3cb633a5277712e5b6700000000000000000000000000000000
[debug] TCP-> len=53 hex=3e3200122700002cb1000046bf161000e0d437f36895ed268dd740b3cb633a5277712e5b6700000000000000000000000000000000
[debug] BLE-> len=50 hex=122700002cb1000046bf161000e0d437f36895ed268dd740b3cb633a5277712e5b6700000000000000000000000000000000
[debug] BLE payload resp=ChannelInfo(0x12) payload_len=50 len=50 hex=122700002cb1000046bf161000e0d437f36895ed268dd740b3cb633a5277712e5b6700000000000000000000000000000000
[debug] TCP-> len=53 hex=3e3200122700002cb1000046bf161000e0d437f36895ed268dd740b3cb633a5277712e5b6700000000000000000000000000000000
[debug] BLE-> len=2 hex=0102
[debug] BLE payload resp=Err(0x01) payload_len=2 len=2 hex=0102
[debug] TCP-> len=5 hex=3e02000102
[debug] BLE-> len=2 hex=0102
[debug] BLE payload resp=Err(0x01) payload_len=2 len=2 hex=0102
[debug] TCP-> len=5 hex=3e02000102
[debug] TCP<- len=5 hex=3c02001f2a
[debug] TCP payload len=2 hex=1f2a
[debug] TCP payload cmd=GetChannel(0x1f) payload_len=2 len=2 hex=1f2a
[debug] BLE<- len=2 hex=1f2a
[debug] BLE-> len=2 hex=0102
[debug] BLE payload resp=Err(0x01) payload_len=2 len=2 hex=0102
[debug] TCP-> len=5 hex=3e02000102
[debug] BLE-> len=2 hex=0102
[debug] BLE payload resp=Err(0x01) payload_len=2 len=2 hex=0102
[debug] TCP-> len=5 hex=3e02000102
[debug] TCP<- len=5 hex=3c02001f2b
[debug] TCP payload len=2 hex=1f2b
[debug] TCP payload cmd=GetChannel(0x1f) payload_len=2 len=2 hex=1f2b
[debug] BLE<- len=2 hex=1f2b
[debug] BLE-> len=2 hex=0102
[debug] BLE payload resp=Err(0x01) payload_len=2 len=2 hex=0102
[debug] TCP-> len=5 hex=3e02000102
[debug] BLE-> len=2 hex=0102
[debug] BLE payload resp=Err(0x01) payload_len=2 len=2 hex=0102
[debug] TCP-> len=5 hex=3e02000102
[debug] TCP<- len=5 hex=3c02001f26
[debug] TCP payload len=2 hex=1f26
[debug] TCP payload cmd=GetChannel(0x1f) payload_len=2 len=2 hex=1f26
[debug] BLE<- len=2 hex=1f26
[debug] BLE-> len=2 hex=0102
[debug] BLE payload resp=Err(0x01) payload_len=2 len=2 hex=0102
[debug] TCP-> len=5 hex=3e02000102
[debug] BLE-> len=2 hex=0102
[debug] BLE payload resp=Err(0x01) payload_len=2 len=2 hex=0102
[debug] TCP-> len=5 hex=3e02000102
[debug] TCP<- len=4 hex=3c01000a
[debug] TCP payload len=1 hex=0a
[debug] TCP payload cmd=SyncNextMessage(0x0a) payload_len=1 len=1 hex=0a
[debug] BLE<- len=1 hex=0a
[debug] BLE-> len=50 hex=122600002cb1000046bf161000e0d437f36895ed268dd740b3cb633a5277712e5b6700000000000000000000000000000000
[debug] BLE payload resp=ChannelInfo(0x12) payload_len=50 len=50 hex=122600002cb1000046bf161000e0d437f36895ed268dd740b3cb633a5277712e5b6700000000000000000000000000000000
[debug] TCP-> len=53 hex=3e3200122600002cb1000046bf161000e0d437f36895ed268dd740b3cb633a5277712e5b6700000000000000000000000000000000
[debug] BLE-> len=50 hex=122600002cb1000046bf161000e0d437f36895ed268dd740b3cb633a5277712e5b6700000000000000000000000000000000
[debug] BLE payload resp=ChannelInfo(0x12) payload_len=50 len=50 hex=122600002cb1000046bf161000e0d437f36895ed268dd740b3cb633a5277712e5b6700000000000000000000000000000000
[debug] TCP-> len=53 hex=3e3200122600002cb1000046bf161000e0d437f36895ed268dd740b3cb633a5277712e5b6700000000000000000000000000000000
[debug] BLE-> len=52 hex=11300000004900048a226a4e4c2d464c2d41455220526963686172643a20405b4e4c32544a535d204e696365203820686f707320
[debug] BLE payload resp=0x11(0x11) payload_len=52 len=52 hex=11300000004900048a226a4e4c2d464c2d41455220526963686172643a20405b4e4c32544a535d204e696365203820686f707320
[debug] TCP-> len=55 hex=3e340011300000004900048a226a4e4c2d464c2d41455220526963686172643a20405b4e4c32544a535d204e696365203820686f707320
[debug] BLE-> len=52 hex=11300000004900048a226a4e4c2d464c2d41455220526963686172643a20405b4e4c32544a535d204e696365203820686f707320
[debug] BLE payload resp=0x11(0x11) payload_len=52 len=52 hex=11300000004900048a226a4e4c2d464c2d41455220526963686172643a20405b4e4c32544a535d204e696365203820686f707320
[debug] TCP-> len=55 hex=3e340011300000004900048a226a4e4c2d464c2d41455220526963686172643a20405b4e4c32544a535d204e696365203820686f707320
[debug] TCP<- len=4 hex=3c01000a
[debug] TCP payload len=1 hex=0a
[debug] TCP payload cmd=SyncNextMessage(0x0a) payload_len=1 len=1 hex=0a
[debug] BLE<- len=1 hex=0a
[debug] BLE-> len=112 hex=113100000047000f8a226a4e4c32544a533a2040416c6d657220696e6d696464656c73207a697420696b206f70203220627974652e204c696a6b7420766f6f72206465206475706c696361746573206f70206c6574736d6573682e6e6574206e...
[debug] BLE payload resp=0x11(0x11) payload_len=112 len=112 hex=113100000047000f8a226a4e4c32544a533a2040416c6d657220696e6d696464656c73207a697420696b206f70203220627974652e204c696a6b7420766f6f72206465206475706c696361746573206f70206c6574736d6573682e6e6574206e...
[debug] TCP-> len=115 hex=3e7000113100000047000f8a226a4e4c32544a533a2040416c6d657220696e6d696464656c73207a697420696b206f70203220627974652e204c696a6b7420766f6f72206465206475706c696361746573206f70206c6574736d6573682e6e65...
[debug] BLE-> len=112 hex=113100000047000f8a226a4e4c32544a533a2040416c6d657220696e6d696464656c73207a697420696b206f70203220627974652e204c696a6b7420766f6f72206465206475706c696361746573206f70206c6574736d6573682e6e6574206e...
[debug] BLE payload resp=0x11(0x11) payload_len=112 len=112 hex=113100000047000f8a226a4e4c32544a533a2040416c6d657220696e6d696464656c73207a697420696b206f70203220627974652e204c696a6b7420766f6f72206465206475706c696361746573206f70206c6574736d6573682e6e6574206e...
[debug] TCP-> len=115 hex=3e7000113100000047000f8a226a4e4c32544a533a2040416c6d657220696e6d696464656c73207a697420696b206f70203220627974652e204c696a6b7420766f6f72206465206475706c696361746573206f70206c6574736d6573682e6e65...
[debug] TCP<- len=4 hex=3c01000a
[debug] TCP payload len=1 hex=0a
[debug] TCP payload cmd=SyncNextMessage(0x0a) payload_len=1 len=1 hex=0a
[debug] BLE<- len=1 hex=0a
[debug] BLE-> len=1 hex=0a
[debug] BLE payload resp=NoMoreMessages(0x0a) payload_len=1 len=1 hex=0a
[debug] TCP-> len=4 hex=3e01000a
[debug] BLE-> len=1 hex=0a
[debug] BLE payload resp=NoMoreMessages(0x0a) payload_len=1 len=1 hex=0a
[debug] TCP-> len=4 hex=3e01000a
[debug] BLE-> len=90 hex=882ec514e545000047202c0eb01fee1109a82f6895ed26117999401ce3b391569ff60ede621f8fb303a4736f56866ff0c6d743219da13ca92bb3719f630e56ee6a6fc6808ac5eb972d1a6c454dd1605712797f1e75020c49cf33
[debug] BLE payload resp=0x88(0x88) payload_len=90 len=90 hex=882ec514e545000047202c0eb01fee1109a82f6895ed26117999401ce3b391569ff60ede621f8fb303a4736f56866ff0c6d743219da13ca92bb3719f630e56ee6a6fc6808ac5eb972d1a6c454dd1605712797f1e75020c49cf33
[debug] TCP-> len=93 hex=3e5a00882ec514e545000047202c0eb01fee1109a82f6895ed26117999401ce3b391569ff60ede621f8fb303a4736f56866ff0c6d743219da13ca92bb3719f630e56ee6a6fc6808ac5eb972d1a6c454dd1605712797f1e75020c49cf33
[debug] BLE-> len=90 hex=882ec514e545000047202c0eb01fee1109a82f6895ed26117999401ce3b391569ff60ede621f8fb303a4736f56866ff0c6d743219da13ca92bb3719f630e56ee6a6fc6808ac5eb972d1a6c454dd1605712797f1e75020c49cf33
[debug] BLE payload resp=0x88(0x88) payload_len=90 len=90 hex=882ec514e545000047202c0eb01fee1109a82f6895ed26117999401ce3b391569ff60ede621f8fb303a4736f56866ff0c6d743219da13ca92bb3719f630e56ee6a6fc6808ac5eb972d1a6c454dd1605712797f1e75020c49cf33
[debug] TCP-> len=93 hex=3e5a00882ec514e545000047202c0eb01fee1109a82f6895ed26117999401ce3b391569ff60ede621f8fb303a4736f56866ff0c6d743219da13ca92bb3719f630e56ee6a6fc6808ac5eb972d1a6c454dd1605712797f1e75020c49cf33
[debug] BLE-> len=1 hex=83
[debug] BLE payload resp=0x83(0x83) payload_len=1 len=1 hex=83
[debug] TCP-> len=4 hex=3e010083
[debug] BLE-> len=1 hex=83
[debug] BLE payload resp=0x83(0x83) payload_len=1 len=1 hex=83
[debug] TCP-> len=4 hex=3e010083
[debug] TCP<- len=4 hex=3c01000a
[debug] TCP payload len=1 hex=0a
[debug] TCP payload cmd=SyncNextMessage(0x0a) payload_len=1 len=1 hex=0a
[debug] BLE<- len=1 hex=0a
[debug] BLE-> len=70 hex=112e0000004700288a226a4e4c2d5a482d5253572d4d72426c7565f09f87b3f09f87b13a20446965207765726b656e20696d6f2062657465722064616e206c6574736d657368
[debug] BLE payload resp=0x11(0x11) payload_len=70 len=70 hex=112e0000004700288a226a4e4c2d5a482d5253572d4d72426c7565f09f87b3f09f87b13a20446965207765726b656e20696d6f2062657465722064616e206c6574736d657368
[debug] TCP-> len=73 hex=3e4600112e0000004700288a226a4e4c2d5a482d5253572d4d72426c7565f09f87b3f09f87b13a20446965207765726b656e20696d6f2062657465722064616e206c6574736d657368
[debug] BLE-> len=70 hex=112e0000004700288a226a4e4c2d5a482d5253572d4d72426c7565f09f87b3f09f87b13a20446965207765726b656e20696d6f2062657465722064616e206c6574736d657368
[debug] BLE payload resp=0x11(0x11) payload_len=70 len=70 hex=112e0000004700288a226a4e4c2d5a482d5253572d4d72426c7565f09f87b3f09f87b13a20446965207765726b656e20696d6f2062657465722064616e206c6574736d657368
[debug] TCP-> len=73 hex=3e4600112e0000004700288a226a4e4c2d5a482d5253572d4d72426c7565f09f87b3f09f87b13a20446965207765726b656e20696d6f2062657465722064616e206c6574736d657368
[debug] TCP<- len=4 hex=3c01000a
[debug] TCP payload len=1 hex=0a
[debug] TCP payload cmd=SyncNextMessage(0x0a) payload_len=1 len=1 hex=0a
[debug] BLE<- len=1 hex=0a
[debug] BLE-> len=1 hex=0a
[debug] BLE payload resp=NoMoreMessages(0x0a) payload_len=1 len=1 hex=0a
[debug] TCP-> len=4 hex=3e01000a
[debug] BLE-> len=1 hex=0a
[debug] BLE payload resp=NoMoreMessages(0x0a) payload_len=1 len=1 hex=0a
[debug] TCP-> len=4 hex=3e01000a
[debug] TCP<- len=4 hex=3c01000a
[debug] TCP payload len=1 hex=0a
[debug] TCP payload cmd=SyncNextMessage(0x0a) payload_len=1 len=1 hex=0a
[debug] BLE<- len=1 hex=0a
[debug] BLE-> len=1 hex=0a
[debug] BLE payload resp=NoMoreMessages(0x0a) payload_len=1 len=1 hex=0a
[debug] TCP-> len=4 hex=3e01000a
[debug] BLE-> len=1 hex=0a
[debug] BLE payload resp=NoMoreMessages(0x0a) payload_len=1 len=1 hex=0a
[debug] TCP-> len=4 hex=3e01000a
[debug] BLE-> len=92 hex=88089a14e545000048202c0eb01fee1109a82f6895ed2610a6117999401ce3b391569ff60ede621f8fb303a4736f56866ff0c6d743219da13ca92bb3719f630e56ee6a6fc6808ac5eb972d1a6c454dd1605712797f1e75020c49cf33
[debug] BLE payload resp=0x88(0x88) payload_len=92 len=92 hex=88089a14e545000048202c0eb01fee1109a82f6895ed2610a6117999401ce3b391569ff60ede621f8fb303a4736f56866ff0c6d743219da13ca92bb3719f630e56ee6a6fc6808ac5eb972d1a6c454dd1605712797f1e75020c49cf33
[debug] TCP-> len=95 hex=3e5c0088089a14e545000048202c0eb01fee1109a82f6895ed2610a6117999401ce3b391569ff60ede621f8fb303a4736f56866ff0c6d743219da13ca92bb3719f630e56ee6a6fc6808ac5eb972d1a6c454dd1605712797f1e75020c49cf33
[debug] BLE-> len=92 hex=88089a14e545000048202c0eb01fee1109a82f6895ed2610a6117999401ce3b391569ff60ede621f8fb303a4736f56866ff0c6d743219da13ca92bb3719f630e56ee6a6fc6808ac5eb972d1a6c454dd1605712797f1e75020c49cf33
[debug] BLE payload resp=0x88(0x88) payload_len=92 len=92 hex=88089a14e545000048202c0eb01fee1109a82f6895ed2610a6117999401ce3b391569ff60ede621f8fb303a4736f56866ff0c6d743219da13ca92bb3719f630e56ee6a6fc6808ac5eb972d1a6c454dd1605712797f1e75020c49cf33
[debug] TCP-> len=95 hex=3e5c0088089a14e545000048202c0eb01fee1109a82f6895ed2610a6117999401ce3b391569ff60ede621f8fb303a4736f56866ff0c6d743219da13ca92bb3719f630e56ee6a6fc6808ac5eb972d1a6c454dd1605712797f1e75020c49cf33
[info] TCP listening on ('0.0.0.0', 5000)
[info] TCP client connected: ('192.168.178.129', 44752)
[info] Connecting to BLE device: C5:8B:5B:F7:BB:BC
[info] Connected to BLE companion
[info] app command: DeviceQuery (0x16)
[debug] Sent to BLE RX: 1603
[info] app command: AppStart (0x01)
[debug] Sent to BLE RX: 01010000000000006d657368636f72652d666c7574746572
[info] app command: 0x36 (0x36)
[debug] Sent to BLE RX: 3600
[info] app command: GetBatteryVoltage (0x14)
[debug] Sent to BLE RX: 14
[info] app command: SetDeviceTime (0x06)
[debug] Sent to BLE RX: 06268a226a
[info] app command: GetContacts (0x04)
[debug] Sent to BLE RX: 04
[info] app command: DeviceQuery (0x16)
[debug] Sent to BLE RX: 1603
[info] app command: GetChannel (0x1f)
[debug] Sent to BLE RX: 1f00
[info] app command: GetChannel (0x1f)
[debug] Sent to BLE RX: 1f01
[info] app command: GetChannel (0x1f)
[debug] Sent to BLE RX: 1f02
[info] app command: GetChannel (0x1f)
[debug] Sent to BLE RX: 1f03
[info] app command: GetChannel (0x1f)
[debug] Sent to BLE RX: 1f04
[info] app command: GetChannel (0x1f)
[debug] Sent to BLE RX: 1f05
[info] app command: GetChannel (0x1f)
[debug] Sent to BLE RX: 1f06
[info] app command: GetChannel (0x1f)
[debug] Sent to BLE RX: 1f07
[info] app command: GetChannel (0x1f)
[debug] Sent to BLE RX: 1f08
[info] app command: GetChannel (0x1f)
[debug] Sent to BLE RX: 1f09
[info] app command: GetChannel (0x1f)
[debug] Sent to BLE RX: 1f0a
[info] app command: GetChannel (0x1f)
[debug] Sent to BLE RX: 1f0b
[info] app command: GetChannel (0x1f)
[debug] Sent to BLE RX: 1f0c
[info] app command: GetChannel (0x1f)
[debug] Sent to BLE RX: 1f0d
[info] app command: GetChannel (0x1f)
[debug] Sent to BLE RX: 1f0e
[info] app command: GetChannel (0x1f)
[debug] Sent to BLE RX: 1f0f
[info] app command: GetChannel (0x1f)
[debug] Sent to BLE RX: 1f10
[info] app command: GetChannel (0x1f)
[debug] Sent to BLE RX: 1f11
[info] app command: GetChannel (0x1f)
[debug] Sent to BLE RX: 1f12
[info] app command: GetChannel (0x1f)
[debug] Sent to BLE RX: 1f13
[info] app command: GetChannel (0x1f)
[debug] Sent to BLE RX: 1f14
[info] app command: GetChannel (0x1f)
[debug] Sent to BLE RX: 1f15
[info] app command: GetChannel (0x1f)
[debug] Sent to BLE RX: 1f16
[info] app command: GetChannel (0x1f)
[debug] Sent to BLE RX: 1f17
[info] app command: GetChannel (0x1f)
[debug] Sent to BLE RX: 1f18
[info] app command: GetChannel (0x1f)
[debug] Sent to BLE RX: 1f19
[info] app command: GetChannel (0x1f)
[debug] Sent to BLE RX: 1f1a
[info] app command: GetChannel (0x1f)
[debug] Sent to BLE RX: 1f1b
[info] app command: GetChannel (0x1f)
[debug] Sent to BLE RX: 1f1c
[info] app command: GetChannel (0x1f)
[debug] Sent to BLE RX: 1f1d
[info] app command: GetChannel (0x1f)
[debug] Sent to BLE RX: 1f1e
[info] app command: GetChannel (0x1f)
[debug] Sent to BLE RX: 1f1f
[info] app command: GetChannel (0x1f)
[debug] Sent to BLE RX: 1f20
[info] app command: GetChannel (0x1f)
[debug] Sent to BLE RX: 1f21
[info] app command: GetChannel (0x1f)
[debug] Sent to BLE RX: 1f22
[info] app command: GetChannel (0x1f)
[debug] Sent to BLE RX: 1f23
[info] app command: GetChannel (0x1f)
[debug] Sent to BLE RX: 1f24
[info] app command: GetChannel (0x1f)
[debug] Sent to BLE RX: 1f25
[info] app command: GetChannel (0x1f)
[debug] Sent to BLE RX: 1f26
[info] app command: GetChannel (0x1f)
[debug] Sent to BLE RX: 1f27
[info] app command: GetChannel (0x1f)
[debug] Sent to BLE RX: 1f28
[info] app command: GetChannel (0x1f)
[debug] Sent to BLE RX: 1f29
[info] app command: GetChannel (0x1f)
[debug] Sent to BLE RX: 1f2a
[info] app command: GetChannel (0x1f)
[debug] Sent to BLE RX: 1f2b
[info] app command: GetChannel (0x1f)
[debug] Sent to BLE RX: 1f26
[info] app command: SyncNextMessage (0x0a)
[debug] Sent to BLE RX: 0a
[info] app command: SyncNextMessage (0x0a)
[debug] Sent to BLE RX: 0a
[info] app command: SyncNextMessage (0x0a)
[debug] Sent to BLE RX: 0a
[info] app command: SyncNextMessage (0x0a)
[debug] Sent to BLE RX: 0a
[info] app command: SyncNextMessage (0x0a)
[debug] Sent to BLE RX: 0a
[info] app command: SyncNextMessage (0x0a)
[debug] Sent to BLE RX: 0a
[debug] TCP read returned empty, client closed connection
[info] TCP client disconnected: ('192.168.178.129', 44752)
